Archive member included because of file (symbol)

d:/gcc/bin/../lib/gcc/arm-none-eabi/4.9.3/../../../../arm-none-eabi/lib/armv7-m\libm.a(lib_a-s_modf.o)
                              ./cmath/dtoa.o (modf)
d:/gcc/bin/../lib/gcc/arm-none-eabi/4.9.3/armv7-m\libgcc.a(_arm_addsubdf3.o)
                              ./cmath/dtoa.o (__aeabi_dsub)
d:/gcc/bin/../lib/gcc/arm-none-eabi/4.9.3/armv7-m\libgcc.a(_arm_muldivdf3.o)
                              ./cmath/atof.o (__aeabi_dmul)
d:/gcc/bin/../lib/gcc/arm-none-eabi/4.9.3/armv7-m\libgcc.a(_arm_cmpdf2.o)
                              ./cmath/dtoa.o (__aeabi_dcmpeq)
d:/gcc/bin/../lib/gcc/arm-none-eabi/4.9.3/armv7-m\libgcc.a(_arm_fixdfsi.o)
                              ./cmath/dtoa.o (__aeabi_d2iz)
d:/gcc/bin/../lib/gcc/arm-none-eabi/4.9.3/armv7-m\libgcc.a(_arm_truncdfsf2.o)
                              iir.o (__aeabi_d2f)
d:/gcc/bin/../lib/gcc/arm-none-eabi/4.9.3/armv7-m\libgcc.a(_arm_muldivsf3.o)
                              iir.o (__aeabi_fmul)
d:/gcc/bin/../lib/gcc/arm-none-eabi/4.9.3/../../../../arm-none-eabi/lib/armv7-m\libg.a(lib_a-ctype_.o)
                              dump.o (__ctype_ptr__)
d:/gcc/bin/../lib/gcc/arm-none-eabi/4.9.3/../../../../arm-none-eabi/lib/armv7-m\libg.a(lib_a-strchr.o)
                              cli.o (strchr)
d:/gcc/bin/../lib/gcc/arm-none-eabi/4.9.3/../../../../arm-none-eabi/lib/armv7-m\libg.a(lib_a-strcmp.o)
                              cli.o (strcmp)
d:/gcc/bin/../lib/gcc/arm-none-eabi/4.9.3/../../../../arm-none-eabi/lib/armv7-m\libg.a(lib_a-strlen.o)
                              printf2.o (strlen)
d:/gcc/bin/../lib/gcc/arm-none-eabi/4.9.3/../../../../arm-none-eabi/lib/armv7-m\libg.a(lib_a-strnlen.o)
                              printf2.o (strnlen)

Allocating common symbols
Common symbol       size              file

vrefint             0x4               adc.o
argv                0x28              cli.o
filt                0x4               comp.o
adc_avg             0x4               adc.o
argc                0x4               cli.o
cap_cnt             0x4               comp.o
buf_len             0x1               cli.o
buf                 0x80              cli.o
adc_dat             0x4               adc.o

Memory Configuration

Name             Origin             Length             Attributes
FLASH            0x08000000         0x00040000         xr
RAM              0x20000000         0x00008000         xrw
*default*        0x00000000         0xffffffff

Linker script and memory map

LOAD ./core/system_stm32l1xx.o
LOAD ./cmath/powten.o
LOAD ./cmath/atof.o
LOAD ./cmath/dtoa.o
LOAD main.o
LOAD clock.o
LOAD power.o
LOAD ports.o
LOAD ticker.o
LOAD uart2.o
LOAD printf2.o
LOAD dump.o
LOAD cli.o
LOAD dma.o
LOAD adc.o
LOAD caps.o
LOAD comp.o
LOAD iir.o
LOAD ./core/startup_stm32l151xc.o
LOAD d:/gcc/bin/../lib/gcc/arm-none-eabi/4.9.3/../../../../arm-none-eabi/lib/armv7-m\libm.a
START GROUP
LOAD d:/gcc/bin/../lib/gcc/arm-none-eabi/4.9.3/armv7-m\libgcc.a
LOAD d:/gcc/bin/../lib/gcc/arm-none-eabi/4.9.3/../../../../arm-none-eabi/lib/armv7-m\libg.a
LOAD d:/gcc/bin/../lib/gcc/arm-none-eabi/4.9.3/../../../../arm-none-eabi/lib/armv7-m\libc.a
END GROUP
                0x20008000                _estack = 0x20008000
                0x00000200                _Min_Heap_Size = 0x200
                0x00000400                _Min_Stack_Size = 0x400

.isr_vector     0x08000000      0x13c
                0x08000000                . = ALIGN (0x4)
 *(.isr_vector)
 .isr_vector    0x08000000      0x13c ./core/startup_stm32l151xc.o
                0x08000000                g_pfnVectors
                0x0800013c                . = ALIGN (0x4)

.text           0x08000140     0x30d8
                0x08000140                . = ALIGN (0x4)
 *(.text)
 .text          0x08000140       0xd4 ./core/system_stm32l1xx.o
                0x08000140                SystemInit
                0x08000190                SystemCoreClockUpdate
 .text          0x08000214        0x0 ./cmath/powten.o
 *fill*         0x08000214        0x4 
 .text          0x08000218      0x1d8 ./cmath/atof.o
                0x08000218                atof
 .text          0x080003f0      0x2cc ./cmath/dtoa.o
                0x080003f0                dtoa
 .text          0x080006bc        0x0 main.o
 .text          0x080006bc       0xd8 clock.o
                0x080006bc                init_clock
                0x080006f8                rcc_set_systemclock
                0x08000718                rcc_set_rtcclock
                0x08000764                rcc_start_hsi
                0x08000784                rcc_stop_hsi
 .text          0x08000794      0x174 power.o
                0x08000794                init_power
                0x080007d0                power_event_enable
                0x080007fc                power_down
                0x08000840                power_event_disable
                0x0800086c                power_up
                0x08000894                power_enter_ulpmode
                0x080008a4                power_leave_ulpmode
                0x080008b4                power_enter_lprmode
                0x080008cc                power_leave_lprmode
                0x080008e4                power_set_corevoltage
 .text          0x08000908      0x250 ports.o
                0x080009c0                init_ports
                0x08000a00                ports_stop
                0x08000a44                ports_resume
                0x08000a68                led_red_on
                0x08000a78                led_red_off
                0x08000a88                led_red_toggle
                0x08000aa0                led_red_flash
                0x08000abc                led_grn_on
                0x08000acc                led_grn_off
                0x08000adc                led_grn_toggle
                0x08000af4                led_grn_flash
                0x08000b10                cap_charge
                0x08000b3c                cap_discharge
 .text          0x08000b58      0x128 ticker.o
                0x08000b58                TIM4_IRQHandler
                0x08000b80                TIM7_IRQHandler
                0x08000bd0                init_ticker
                0x08000c3c                usleep
                0x08000c54                msleep
 .text          0x08000c80      0x14c uart2.o
                0x08000c80                USART2_IRQHandler
                0x08000cf0                init_uart2
                0x08000d30                uart2_putc
                0x08000d78                uart2_puts
                0x08000d90                uart2_getc
                0x08000db4                uart2_flush
 .text          0x08000dcc      0x378 printf2.o
                0x08000dcc                sprintf2
                0x080010d8                printf2
                0x0800110c                debug
 .text          0x08001144      0x150 dump.o
                0x08001144                dump_ascii
 .text          0x08001294      0x224 cli.o
                0x080012e0                first_prompt
                0x080012ec                prompt
                0x080012f8                rb_atoi
                0x08001340                rb_atol
                0x08001388                skipws
                0x0800139c                split_line
                0x080013e8                parse_line
                0x080013f0                help
                0x0800140c                version
                0x08001418                poll_cli
 .text          0x080014b8       0xd4 dma.o
                0x080014b8                init_dma_adc
                0x080014f4                dma_enable
                0x08001504                dma_disable
                0x08001524                dma_dump_registers
 .text          0x0800158c      0x150 adc.o
                0x0800158c                init_adc
                0x080015d0                adc_read_caps
                0x08001618                adc_dump_registers
 .text          0x080016dc      0x194 caps.o
                0x080016dc                init_tcs
                0x08001714                tsc_cs_discharge
                0x08001730                tsc_cs_float
                0x08001740                tsc_ct_discharge
                0x0800175c                tsc_ct_float
                0x0800176c                tsc_ct_charge
                0x08001784                tcs_next
 .text          0x08001870       0xb8 comp.o
                0x08001870                COMP_IRQHandler
                0x080018ac                init_comp
                0x080018fc                cap_time
 .text          0x08001928      0x7ec iir.o
                0x08001928                init_iir
                0x0800192c                iir_init_filters
                0x08001930                iir_update
                0x08001ea4                iir_form1
                0x08001f74                iir_form2
                0x08002030                iir_dump
 .text          0x08002114       0x14 ./core/startup_stm32l151xc.o
 .text          0x08002128        0x0 d:/gcc/bin/../lib/gcc/arm-none-eabi/4.9.3/../../../../arm-none-eabi/lib/armv7-m\libm.a(lib_a-s_modf.o)
 .text          0x08002128      0x370 d:/gcc/bin/../lib/gcc/arm-none-eabi/4.9.3/armv7-m\libgcc.a(_arm_addsubdf3.o)
                0x08002128                __aeabi_drsub
                0x08002130                __aeabi_dsub
                0x08002130                __subdf3
                0x08002134                __aeabi_dadd
                0x08002134                __adddf3
                0x080023ac                __floatunsidf
                0x080023ac                __aeabi_ui2d
                0x080023cc                __floatsidf
                0x080023cc                __aeabi_i2d
                0x080023f0                __aeabi_f2d
                0x080023f0                __extendsfdf2
                0x0800242c                __floatundidf
                0x0800242c                __aeabi_ul2d
                0x0800243c                __floatdidf
                0x0800243c                __aeabi_l2d
 .text          0x08002498      0x424 d:/gcc/bin/../lib/gcc/arm-none-eabi/4.9.3/armv7-m\libgcc.a(_arm_muldivdf3.o)
                0x08002498                __aeabi_dmul
                0x08002498                __muldf3
                0x080026ec                __divdf3
                0x080026ec                __aeabi_ddiv
 .text          0x080028bc      0x110 d:/gcc/bin/../lib/gcc/arm-none-eabi/4.9.3/armv7-m\libgcc.a(_arm_cmpdf2.o)
                0x080028bc                __gtdf2
                0x080028bc                __gedf2
                0x080028c4                __ltdf2
                0x080028c4                __ledf2
                0x080028cc                __nedf2
                0x080028cc                __eqdf2
                0x080028cc                __cmpdf2
                0x08002948                __aeabi_cdrcmple
                0x08002958                __aeabi_cdcmpeq
                0x08002958                __aeabi_cdcmple
                0x08002968                __aeabi_dcmpeq
                0x0800297c                __aeabi_dcmplt
                0x08002990                __aeabi_dcmple
                0x080029a4                __aeabi_dcmpge
                0x080029b8                __aeabi_dcmpgt
 .text          0x080029cc       0x50 d:/gcc/bin/../lib/gcc/arm-none-eabi/4.9.3/armv7-m\libgcc.a(_arm_fixdfsi.o)
                0x080029cc                __aeabi_d2iz
                0x080029cc                __fixdfsi
 .text          0x08002a1c       0xa0 d:/gcc/bin/../lib/gcc/arm-none-eabi/4.9.3/armv7-m\libgcc.a(_arm_truncdfsf2.o)
                0x08002a1c                __truncdfsf2
                0x08002a1c                __aeabi_d2f
 .text          0x08002abc      0x2a0 d:/gcc/bin/../lib/gcc/arm-none-eabi/4.9.3/armv7-m\libgcc.a(_arm_muldivsf3.o)
                0x08002abc                __mulsf3
                0x08002abc                __aeabi_fmul
                0x08002c24                __aeabi_fdiv
                0x08002c24                __divsf3
 .text          0x08002d5c        0x0 d:/gcc/bin/../lib/gcc/arm-none-eabi/4.9.3/../../../../arm-none-eabi/lib/armv7-m\libg.a(lib_a-ctype_.o)
 .text          0x08002d5c        0x0 d:/gcc/bin/../lib/gcc/arm-none-eabi/4.9.3/../../../../arm-none-eabi/lib/armv7-m\libg.a(lib_a-strchr.o)
 .text          0x08002d5c      0x1bc d:/gcc/bin/../lib/gcc/arm-none-eabi/4.9.3/../../../../arm-none-eabi/lib/armv7-m\libg.a(lib_a-strcmp.o)
                0x08002d5c                strcmp
 .text          0x08002f18        0x0 d:/gcc/bin/../lib/gcc/arm-none-eabi/4.9.3/../../../../arm-none-eabi/lib/armv7-m\libg.a(lib_a-strlen.o)
 .text          0x08002f18        0x0 d:/gcc/bin/../lib/gcc/arm-none-eabi/4.9.3/../../../../arm-none-eabi/lib/armv7-m\libg.a(lib_a-strnlen.o)
 *(.text*)
 .text.startup  0x08002f18       0x60 main.o
                0x08002f18                main
 .text.Reset_Handler
                0x08002f78       0x44 ./core/startup_stm32l151xc.o
                0x08002f78                Reset_Handler
 .text.Default_Handler
                0x08002fbc        0x2 ./core/startup_stm32l151xc.o
                0x08002fbc                RTC_Alarm_IRQHandler
                0x08002fbc                EXTI2_IRQHandler
                0x08002fbc                COMP_ACQ_IRQHandler
                0x08002fbc                DebugMon_Handler
                0x08002fbc                HardFault_Handler
                0x08002fbc                TIM10_IRQHandler
                0x08002fbc                USB_HP_IRQHandler
                0x08002fbc                TIM6_IRQHandler
                0x08002fbc                SysTick_Handler
                0x08002fbc                PVD_IRQHandler
                0x08002fbc                PendSV_Handler
                0x08002fbc                NMI_Handler
                0x08002fbc                EXTI3_IRQHandler
                0x08002fbc                EXTI0_IRQHandler
                0x08002fbc                I2C2_EV_IRQHandler
                0x08002fbc                UsageFault_Handler
                0x08002fbc                SPI1_IRQHandler
                0x08002fbc                USB_FS_WKUP_IRQHandler
                0x08002fbc                DMA2_Channel2_IRQHandler
                0x08002fbc                DMA1_Channel4_IRQHandler
                0x08002fbc                ADC1_IRQHandler
                0x08002fbc                USART3_IRQHandler
                0x08002fbc                DMA1_Channel7_IRQHandler
                0x08002fbc                DMA2_Channel1_IRQHandler
                0x08002fbc                I2C1_EV_IRQHandler
                0x08002fbc                DMA1_Channel6_IRQHandler
                0x08002fbc                DMA2_Channel4_IRQHandler
                0x08002fbc                TIM3_IRQHandler
                0x08002fbc                RCC_IRQHandler
                0x08002fbc                DMA1_Channel1_IRQHandler
                0x08002fbc                Default_Handler
                0x08002fbc                EXTI15_10_IRQHandler
                0x08002fbc                TIM5_IRQHandler
                0x08002fbc                EXTI9_5_IRQHandler
                0x08002fbc                TIM9_IRQHandler
                0x08002fbc                TAMPER_STAMP_IRQHandler
                0x08002fbc                RTC_WKUP_IRQHandler
                0x08002fbc                SPI2_IRQHandler
                0x08002fbc                MemManage_Handler
                0x08002fbc                SVC_Handler
                0x08002fbc                DMA2_Channel5_IRQHandler
                0x08002fbc                DMA1_Channel5_IRQHandler
                0x08002fbc                USB_LP_IRQHandler
                0x08002fbc                EXTI4_IRQHandler
                0x08002fbc                DMA1_Channel3_IRQHandler
                0x08002fbc                WWDG_IRQHandler
                0x08002fbc                TIM2_IRQHandler
                0x08002fbc                DAC_IRQHandler
                0x08002fbc                EXTI1_IRQHandler
                0x08002fbc                TIM11_IRQHandler
                0x08002fbc                I2C2_ER_IRQHandler
                0x08002fbc                DMA1_Channel2_IRQHandler
                0x08002fbc                FLASH_IRQHandler
                0x08002fbc                BusFault_Handler
                0x08002fbc                USART1_IRQHandler
                0x08002fbc                SPI3_IRQHandler
                0x08002fbc                I2C1_ER_IRQHandler
                0x08002fbc                DMA2_Channel3_IRQHandler
 *fill*         0x08002fbe        0x2 
 .text.modf     0x08002fc0       0xc4 d:/gcc/bin/../lib/gcc/arm-none-eabi/4.9.3/../../../../arm-none-eabi/lib/armv7-m\libm.a(lib_a-s_modf.o)
                0x08002fc0                modf
 .text.strchr   0x08003084       0xcc d:/gcc/bin/../lib/gcc/arm-none-eabi/4.9.3/../../../../arm-none-eabi/lib/armv7-m\libg.a(lib_a-strchr.o)
                0x08003084                strchr
 .text.strlen   0x08003150       0x5c d:/gcc/bin/../lib/gcc/arm-none-eabi/4.9.3/../../../../arm-none-eabi/lib/armv7-m\libg.a(lib_a-strlen.o)
                0x08003150                strlen
 .text.strnlen  0x080031ac       0x34 d:/gcc/bin/../lib/gcc/arm-none-eabi/4.9.3/../../../../arm-none-eabi/lib/armv7-m\libg.a(lib_a-strnlen.o)
                0x080031ac                strnlen
 *(.glue_7)
 .glue_7        0x00000000        0x0 linker stubs
 *(.glue_7t)
 .glue_7t       0x00000000        0x0 linker stubs
 *(.eh_frame)
 .eh_frame      0x080031e0       0x38 d:/gcc/bin/../lib/gcc/arm-none-eabi/4.9.3/../../../../arm-none-eabi/lib/armv7-m\libg.a(lib_a-strcmp.o)
 *(.init)
 *(.fini)
                0x08003218                . = ALIGN (0x4)
                0x08003218                _etext = .

.vfp11_veneer   0x08003218        0x0
 .vfp11_veneer  0x00000000        0x0 linker stubs

.v4_bx          0x08003218        0x0
 .v4_bx         0x00000000        0x0 linker stubs

.iplt           0x08003218        0x0
 .iplt          0x00000000        0x0 ./core/system_stm32l1xx.o

.rodata         0x08003218      0x7e8
                0x08003218                . = ALIGN (0x4)
 *(.rodata)
 .rodata        0x08003218       0x24 ./core/system_stm32l1xx.o
                0x08003218                PLLMulTable
                0x08003224                AHBPrescTable
                0x08003234                APBPrescTable
 *fill*         0x0800323c        0x4 
 .rodata        0x08003240      0x268 ./cmath/powten.o
                0x08003240                powten
 .rodata        0x080034a8       0xc0 ports.o
 *(.rodata*)
 .rodata.str1.4
                0x08003568       0x21 printf2.o
                                 0x28 (size before relaxing)
 *fill*         0x08003589        0x3 
 .rodata.str1.4
                0x0800358c       0x26 dump.o
                                 0x30 (size before relaxing)
 *fill*         0x080035b2        0x2 
 .rodata.str1.4
                0x080035b4       0x8a cli.o
                                 0x94 (size before relaxing)
 *fill*         0x0800363e        0x2 
 .rodata.str1.4
                0x08003640       0xcc dma.o
 .rodata.str1.4
                0x0800370c      0x130 adc.o
 .rodata.str1.4
                0x0800383c        0xc caps.o
 .rodata.str1.4
                0x08003848       0x10 comp.o
 .rodata.str1.4
                0x08003858       0xa4 iir.o
 .rodata._ctype_
                0x080038fc      0x104 d:/gcc/bin/../lib/gcc/arm-none-eabi/4.9.3/../../../../arm-none-eabi/lib/armv7-m\libg.a(lib_a-ctype_.o)
                0x080038fc                _ctype_
                0x08003a00                . = ALIGN (0x4)

.rel.dyn        0x08003a00        0x0
 .rel.iplt      0x00000000        0x0 ./core/system_stm32l1xx.o

.ARM.extab
 *(.ARM.extab* .gnu.linkonce.armextab.*)

.ARM            0x08003a00        0x0
                0x08003a00                __exidx_start = .
 *(.ARM.exidx*)
                0x08003a00                __exidx_end = .

.preinit_array  0x08003a00        0x0
                0x08003a00                PROVIDE (__preinit_array_start, .)
 *(.preinit_array*)
                0x08003a00                PROVIDE (__preinit_array_end, .)

.init_array     0x08003a00        0x0
                0x08003a00                PROVIDE (__init_array_start, .)
 *(SORT(.init_array.*))
 *(.init_array*)
                0x08003a00                PROVIDE (__init_array_end, .)

.fini_array     0x08003a00        0x0
                0x08003a00                PROVIDE (__fini_array_start, .)
 *(SORT(.fini_array.*))
 *(.fini_array*)
                0x08003a00                PROVIDE (__fini_array_end, .)
                0x08003a00                _sidata = LOADADDR (.data)

.data           0x20000000      0x198 load address 0x08003a00
                0x20000000                . = ALIGN (0x4)
                0x20000000                _sdata = .
 *(.data)
 .data          0x20000000        0x4 ./core/system_stm32l1xx.o
                0x20000000                SystemCoreClock
 .data          0x20000004        0x0 ./cmath/powten.o
 .data          0x20000004        0x0 ./cmath/atof.o
 .data          0x20000004        0x0 ./cmath/dtoa.o
 .data          0x20000004        0x4 main.o
                0x20000004                cnt
 .data          0x20000008        0x0 clock.o
 .data          0x20000008        0x0 power.o
 .data          0x20000008        0x0 ports.o
 .data          0x20000008        0x4 ticker.o
 .data          0x2000000c        0x0 uart2.o
 .data          0x2000000c        0x0 printf2.o
 .data          0x2000000c        0x0 dump.o
 .data          0x2000000c        0x0 cli.o
 .data          0x2000000c        0x0 dma.o
 .data          0x2000000c        0x0 adc.o
 .data          0x2000000c        0x0 caps.o
 .data          0x2000000c        0x0 comp.o
 .data          0x2000000c      0x188 iir.o
 .data          0x20000194        0x0 ./core/startup_stm32l151xc.o
 .data          0x20000194        0x0 d:/gcc/bin/../lib/gcc/arm-none-eabi/4.9.3/../../../../arm-none-eabi/lib/armv7-m\libm.a(lib_a-s_modf.o)
 .data          0x20000194        0x0 d:/gcc/bin/../lib/gcc/arm-none-eabi/4.9.3/armv7-m\libgcc.a(_arm_addsubdf3.o)
 .data          0x20000194        0x0 d:/gcc/bin/../lib/gcc/arm-none-eabi/4.9.3/armv7-m\libgcc.a(_arm_muldivdf3.o)
 .data          0x20000194        0x0 d:/gcc/bin/../lib/gcc/arm-none-eabi/4.9.3/armv7-m\libgcc.a(_arm_cmpdf2.o)
 .data          0x20000194        0x0 d:/gcc/bin/../lib/gcc/arm-none-eabi/4.9.3/armv7-m\libgcc.a(_arm_fixdfsi.o)
 .data          0x20000194        0x0 d:/gcc/bin/../lib/gcc/arm-none-eabi/4.9.3/armv7-m\libgcc.a(_arm_truncdfsf2.o)
 .data          0x20000194        0x0 d:/gcc/bin/../lib/gcc/arm-none-eabi/4.9.3/armv7-m\libgcc.a(_arm_muldivsf3.o)
 .data          0x20000194        0x0 d:/gcc/bin/../lib/gcc/arm-none-eabi/4.9.3/../../../../arm-none-eabi/lib/armv7-m\libg.a(lib_a-ctype_.o)
 .data          0x20000194        0x0 d:/gcc/bin/../lib/gcc/arm-none-eabi/4.9.3/../../../../arm-none-eabi/lib/armv7-m\libg.a(lib_a-strchr.o)
 .data          0x20000194        0x0 d:/gcc/bin/../lib/gcc/arm-none-eabi/4.9.3/../../../../arm-none-eabi/lib/armv7-m\libg.a(lib_a-strcmp.o)
 .data          0x20000194        0x0 d:/gcc/bin/../lib/gcc/arm-none-eabi/4.9.3/../../../../arm-none-eabi/lib/armv7-m\libg.a(lib_a-strlen.o)
 .data          0x20000194        0x0 d:/gcc/bin/../lib/gcc/arm-none-eabi/4.9.3/../../../../arm-none-eabi/lib/armv7-m\libg.a(lib_a-strnlen.o)
 *(.data*)
 .data.__ctype_ptr__
                0x20000194        0x4 d:/gcc/bin/../lib/gcc/arm-none-eabi/4.9.3/../../../../arm-none-eabi/lib/armv7-m\libg.a(lib_a-ctype_.o)
                0x20000194                __ctype_ptr__
                0x20000198                . = ALIGN (0x4)
                0x20000198                _edata = .

.igot.plt       0x20000198        0x0 load address 0x08003b98
 .igot.plt      0x00000000        0x0 ./core/system_stm32l1xx.o
                0x20000198                . = ALIGN (0x4)

.bss            0x20000198      0x37c load address 0x08003b98
                0x20000198                _sbss = .
                0x20000198                __bss_start__ = _sbss
 *(.bss)
 .bss           0x20000198        0x0 ./core/system_stm32l1xx.o
 .bss           0x20000198        0x0 ./cmath/powten.o
 .bss           0x20000198        0x0 ./cmath/atof.o
 .bss           0x20000198        0x0 ./cmath/dtoa.o
 .bss           0x20000198        0x0 main.o
 .bss           0x20000198        0x0 clock.o
 .bss           0x20000198        0x0 power.o
 .bss           0x20000198        0x0 ports.o
 .bss           0x20000198        0x6 ticker.o
                0x2000019a                csec_elapsed
                0x2000019c                dsec_elapsed
                0x2000019d                sec_elapsed
 *fill*         0x2000019e        0x2 
 .bss           0x200001a0      0x110 uart2.o
 .bss           0x200002b0      0x180 printf2.o
 .bss           0x20000430        0x0 dump.o
 .bss           0x20000430        0x0 cli.o
 .bss           0x20000430        0x0 dma.o
 .bss           0x20000430       0x10 adc.o
                0x20000430                vamb
                0x20000434                vdda
                0x20000438                vsol
                0x2000043c                vbat
 .bss           0x20000440        0xc caps.o
                0x20000440                tcs_state
 .bss           0x2000044c        0x4 comp.o
                0x2000044c                cap_new
 .bss           0x20000450        0x0 iir.o
 .bss           0x20000450        0x0 ./core/startup_stm32l151xc.o
 .bss           0x20000450        0x0 d:/gcc/bin/../lib/gcc/arm-none-eabi/4.9.3/../../../../arm-none-eabi/lib/armv7-m\libm.a(lib_a-s_modf.o)
 .bss           0x20000450        0x0 d:/gcc/bin/../lib/gcc/arm-none-eabi/4.9.3/armv7-m\libgcc.a(_arm_addsubdf3.o)
 .bss           0x20000450        0x0 d:/gcc/bin/../lib/gcc/arm-none-eabi/4.9.3/armv7-m\libgcc.a(_arm_muldivdf3.o)
 .bss           0x20000450        0x0 d:/gcc/bin/../lib/gcc/arm-none-eabi/4.9.3/armv7-m\libgcc.a(_arm_cmpdf2.o)
 .bss           0x20000450        0x0 d:/gcc/bin/../lib/gcc/arm-none-eabi/4.9.3/armv7-m\libgcc.a(_arm_fixdfsi.o)
 .bss           0x20000450        0x0 d:/gcc/bin/../lib/gcc/arm-none-eabi/4.9.3/armv7-m\libgcc.a(_arm_truncdfsf2.o)
 .bss           0x20000450        0x0 d:/gcc/bin/../lib/gcc/arm-none-eabi/4.9.3/armv7-m\libgcc.a(_arm_muldivsf3.o)
 .bss           0x20000450        0x0 d:/gcc/bin/../lib/gcc/arm-none-eabi/4.9.3/../../../../arm-none-eabi/lib/armv7-m\libg.a(lib_a-ctype_.o)
 .bss           0x20000450        0x0 d:/gcc/bin/../lib/gcc/arm-none-eabi/4.9.3/../../../../arm-none-eabi/lib/armv7-m\libg.a(lib_a-strchr.o)
 .bss           0x20000450        0x0 d:/gcc/bin/../lib/gcc/arm-none-eabi/4.9.3/../../../../arm-none-eabi/lib/armv7-m\libg.a(lib_a-strcmp.o)
 .bss           0x20000450        0x0 d:/gcc/bin/../lib/gcc/arm-none-eabi/4.9.3/../../../../arm-none-eabi/lib/armv7-m\libg.a(lib_a-strlen.o)
 .bss           0x20000450        0x0 d:/gcc/bin/../lib/gcc/arm-none-eabi/4.9.3/../../../../arm-none-eabi/lib/armv7-m\libg.a(lib_a-strnlen.o)
 *(.bss*)
 *(COMMON)
 COMMON         0x20000450       0xb0 cli.o
                0x20000450                argv
                0x20000478                argc
                0x2000047c                buf_len
                0x20000480                buf
 COMMON         0x20000500        0xc adc.o
                0x20000500                vrefint
                0x20000504                adc_avg
                0x20000508                adc_dat
 COMMON         0x2000050c        0x8 comp.o
                0x2000050c                filt
                0x20000510                cap_cnt
                0x20000514                . = ALIGN (0x4)
                0x20000514                _ebss = .
                0x20000514                __bss_end__ = _ebss

._user_heap_stack
                0x20000514      0x600 load address 0x08003b98
                0x20000514                . = ALIGN (0x4)
                0x20000514                PROVIDE (end, .)
                0x20000514                PROVIDE (_end, .)
                0x20000714                . = (. + _Min_Heap_Size)
 *fill*         0x20000514      0x200 
                0x20000b14                . = (. + _Min_Stack_Size)
 *fill*         0x20000714      0x400 
                0x20000b14                . = ALIGN (0x4)

/DISCARD/
 libc.a(*)
 libm.a(*)
 libgcc.a(*)

.ARM.attributes
                0x00000000       0x31
 *(.ARM.attributes)
 .ARM.attributes
                0x00000000       0x33 ./core/system_stm32l1xx.o
 .ARM.attributes
                0x00000033       0x33 ./cmath/powten.o
 .ARM.attributes
                0x00000066       0x33 ./cmath/atof.o
 .ARM.attributes
                0x00000099       0x33 ./cmath/dtoa.o
 .ARM.attributes
                0x000000cc       0x33 main.o
 .ARM.attributes
                0x000000ff       0x33 clock.o
 .ARM.attributes
                0x00000132       0x33 power.o
 .ARM.attributes
                0x00000165       0x33 ports.o
 .ARM.attributes
                0x00000198       0x33 ticker.o
 .ARM.attributes
                0x000001cb       0x33 uart2.o
 .ARM.attributes
                0x000001fe       0x33 printf2.o
 .ARM.attributes
                0x00000231       0x33 dump.o
 .ARM.attributes
                0x00000264       0x33 cli.o
 .ARM.attributes
                0x00000297       0x33 dma.o
 .ARM.attributes
                0x000002ca       0x33 adc.o
 .ARM.attributes
                0x000002fd       0x33 caps.o
 .ARM.attributes
                0x00000330       0x33 comp.o
 .ARM.attributes
                0x00000363       0x33 iir.o
 .ARM.attributes
                0x00000396       0x21 ./core/startup_stm32l151xc.o
 .ARM.attributes
                0x000003b7       0x2d d:/gcc/bin/../lib/gcc/arm-none-eabi/4.9.3/../../../../arm-none-eabi/lib/armv7-m\libm.a(lib_a-s_modf.o)
 .ARM.attributes
                0x000003e4       0x1d d:/gcc/bin/../lib/gcc/arm-none-eabi/4.9.3/armv7-m\libgcc.a(_arm_addsubdf3.o)
 .ARM.attributes
                0x00000401       0x1d d:/gcc/bin/../lib/gcc/arm-none-eabi/4.9.3/armv7-m\libgcc.a(_arm_muldivdf3.o)
 .ARM.attributes
                0x0000041e       0x1d d:/gcc/bin/../lib/gcc/arm-none-eabi/4.9.3/armv7-m\libgcc.a(_arm_cmpdf2.o)
 .ARM.attributes
                0x0000043b       0x1d d:/gcc/bin/../lib/gcc/arm-none-eabi/4.9.3/armv7-m\libgcc.a(_arm_fixdfsi.o)
 .ARM.attributes
                0x00000458       0x1d d:/gcc/bin/../lib/gcc/arm-none-eabi/4.9.3/armv7-m\libgcc.a(_arm_truncdfsf2.o)
 .ARM.attributes
                0x00000475       0x1d d:/gcc/bin/../lib/gcc/arm-none-eabi/4.9.3/armv7-m\libgcc.a(_arm_muldivsf3.o)
 .ARM.attributes
                0x00000492       0x2d d:/gcc/bin/../lib/gcc/arm-none-eabi/4.9.3/../../../../arm-none-eabi/lib/armv7-m\libg.a(lib_a-ctype_.o)
 .ARM.attributes
                0x000004bf       0x2d d:/gcc/bin/../lib/gcc/arm-none-eabi/4.9.3/../../../../arm-none-eabi/lib/armv7-m\libg.a(lib_a-strchr.o)
 .ARM.attributes
                0x000004ec       0x1b d:/gcc/bin/../lib/gcc/arm-none-eabi/4.9.3/../../../../arm-none-eabi/lib/armv7-m\libg.a(lib_a-strcmp.o)
 .ARM.attributes
                0x00000507       0x2d d:/gcc/bin/../lib/gcc/arm-none-eabi/4.9.3/../../../../arm-none-eabi/lib/armv7-m\libg.a(lib_a-strlen.o)
 .ARM.attributes
                0x00000534       0x2d d:/gcc/bin/../lib/gcc/arm-none-eabi/4.9.3/../../../../arm-none-eabi/lib/armv7-m\libg.a(lib_a-strnlen.o)
OUTPUT(moister.elf elf32-littlearm)

.debug_info     0x00000000     0x5335
 .debug_info    0x00000000      0x41a ./core/system_stm32l1xx.o
 .debug_info    0x0000041a       0x52 ./cmath/powten.o
 .debug_info    0x0000046c      0x140 ./cmath/atof.o
 .debug_info    0x000005ac      0x1b7 ./cmath/dtoa.o
 .debug_info    0x00000763      0x208 main.o
 .debug_info    0x0000096b      0x24f clock.o
 .debug_info    0x00000bba      0x51f power.o
 .debug_info    0x000010d9      0x7aa ports.o
 .debug_info    0x00001883      0x769 ticker.o
 .debug_info    0x00001fec      0x692 uart2.o
 .debug_info    0x0000267e      0x5b5 printf2.o
 .debug_info    0x00002c33      0x292 dump.o
 .debug_info    0x00002ec5      0x5d7 cli.o
 .debug_info    0x0000349c      0x49d dma.o
 .debug_info    0x00003939      0x637 adc.o
 .debug_info    0x00003f70      0x5fe caps.o
 .debug_info    0x0000456e      0x716 comp.o
 .debug_info    0x00004c84      0x6b1 iir.o

.debug_abbrev   0x00000000     0x1a57
 .debug_abbrev  0x00000000      0x101 ./core/system_stm32l1xx.o
 .debug_abbrev  0x00000101       0x45 ./cmath/powten.o
 .debug_abbrev  0x00000146       0xa2 ./cmath/atof.o
 .debug_abbrev  0x000001e8       0xef ./cmath/dtoa.o
 .debug_abbrev  0x000002d7       0xdc main.o
 .debug_abbrev  0x000003b3       0xe9 clock.o
 .debug_abbrev  0x0000049c      0x191 power.o
 .debug_abbrev  0x0000062d      0x1fa ports.o
 .debug_abbrev  0x00000827      0x1df ticker.o
 .debug_abbrev  0x00000a06      0x1e5 uart2.o
 .debug_abbrev  0x00000beb      0x246 printf2.o
 .debug_abbrev  0x00000e31      0x12f dump.o
 .debug_abbrev  0x00000f60      0x21f cli.o
 .debug_abbrev  0x0000117f      0x149 dma.o
 .debug_abbrev  0x000012c8      0x1a6 adc.o
 .debug_abbrev  0x0000146e      0x1dc caps.o
 .debug_abbrev  0x0000164a      0x202 comp.o
 .debug_abbrev  0x0000184c      0x20b iir.o

.debug_loc      0x00000000     0x1dde
 .debug_loc     0x00000000      0x14a ./core/system_stm32l1xx.o
 .debug_loc     0x0000014a      0x2f7 ./cmath/atof.o
 .debug_loc     0x00000441      0x58d ./cmath/dtoa.o
 .debug_loc     0x000009ce       0x4d power.o
 .debug_loc     0x00000a1b      0x1ef ports.o
 .debug_loc     0x00000c0a       0x68 ticker.o
 .debug_loc     0x00000c72       0xfb uart2.o
 .debug_loc     0x00000d6d      0x654 printf2.o
 .debug_loc     0x000013c1      0x1ad dump.o
 .debug_loc     0x0000156e      0x421 cli.o
 .debug_loc     0x0000198f       0x42 adc.o
 .debug_loc     0x000019d1      0x1e9 caps.o
 .debug_loc     0x00001bba      0x224 iir.o

.debug_aranges  0x00000000      0x238
 .debug_aranges
                0x00000000       0x20 ./core/system_stm32l1xx.o
 .debug_aranges
                0x00000020       0x18 ./cmath/powten.o
 .debug_aranges
                0x00000038       0x20 ./cmath/atof.o
 .debug_aranges
                0x00000058       0x20 ./cmath/dtoa.o
 .debug_aranges
                0x00000078       0x20 main.o
 .debug_aranges
                0x00000098       0x20 clock.o
 .debug_aranges
                0x000000b8       0x20 power.o
 .debug_aranges
                0x000000d8       0x20 ports.o
 .debug_aranges
                0x000000f8       0x20 ticker.o
 .debug_aranges
                0x00000118       0x20 uart2.o
 .debug_aranges
                0x00000138       0x20 printf2.o
 .debug_aranges
                0x00000158       0x20 dump.o
 .debug_aranges
                0x00000178       0x20 cli.o
 .debug_aranges
                0x00000198       0x20 dma.o
 .debug_aranges
                0x000001b8       0x20 adc.o
 .debug_aranges
                0x000001d8       0x20 caps.o
 .debug_aranges
                0x000001f8       0x20 comp.o
 .debug_aranges
                0x00000218       0x20 iir.o

.debug_line     0x00000000     0x16d3
 .debug_line    0x00000000      0x11c ./core/system_stm32l1xx.o
 .debug_line    0x0000011c       0x2f ./cmath/powten.o
 .debug_line    0x0000014b       0xda ./cmath/atof.o
 .debug_line    0x00000225      0x10d ./cmath/dtoa.o
 .debug_line    0x00000332      0x13b main.o
 .debug_line    0x0000046d       0xff clock.o
 .debug_line    0x0000056c      0x161 power.o
 .debug_line    0x000006cd      0x1b0 ports.o
 .debug_line    0x0000087d      0x161 ticker.o
 .debug_line    0x000009de      0x12a uart2.o
 .debug_line    0x00000b08      0x246 printf2.o
 .debug_line    0x00000d4e      0x169 dump.o
 .debug_line    0x00000eb7      0x196 cli.o
 .debug_line    0x0000104d       0xf8 dma.o
 .debug_line    0x00001145      0x13a adc.o
 .debug_line    0x0000127f      0x181 caps.o
 .debug_line    0x00001400      0x124 comp.o
 .debug_line    0x00001524      0x1af iir.o

.debug_str      0x00000000     0x102f
 .debug_str     0x00000000      0x2b5 ./core/system_stm32l1xx.o
                                0x302 (size before relaxing)
 .debug_str     0x000002b5       0x49 ./cmath/powten.o
                                0x11b (size before relaxing)
 .debug_str     0x000002fe       0x24 ./cmath/atof.o
                                0x1c4 (size before relaxing)
 .debug_str     0x00000322       0x47 ./cmath/dtoa.o
                                0x1ee (size before relaxing)
 .debug_str     0x00000369       0xa5 main.o
                                0x279 (size before relaxing)
 .debug_str     0x0000040e       0x54 clock.o
                                0x297 (size before relaxing)
 .debug_str     0x00000462      0x12c power.o
                                0x3a8 (size before relaxing)
 .debug_str     0x0000058e      0x16c ports.o
                                0x41a (size before relaxing)
 .debug_str     0x000006fa      0x424 ticker.o
                                0x741 (size before relaxing)
 .debug_str     0x00000b1e       0x99 uart2.o
                                0x6ad (size before relaxing)
 .debug_str     0x00000bb7       0xab printf2.o
                                0x29c (size before relaxing)
 .debug_str     0x00000c62       0x44 dump.o
                                0x243 (size before relaxing)
 .debug_str     0x00000ca6       0x6b cli.o
                                0x27f (size before relaxing)
 .debug_str     0x00000d11       0xf3 dma.o
                                0x345 (size before relaxing)
 .debug_str     0x00000e04       0x5e adc.o
                                0x36d (size before relaxing)
 .debug_str     0x00000e62       0xc4 caps.o
                                0x36b (size before relaxing)
 .debug_str     0x00000f26       0x57 comp.o
                                0x6e7 (size before relaxing)
 .debug_str     0x00000f7d       0xb2 iir.o
                                0x2a1 (size before relaxing)

.comment        0x00000000       0x70
 .comment       0x00000000       0x70 ./core/system_stm32l1xx.o
                                 0x71 (size before relaxing)
 .comment       0x00000000       0x71 ./cmath/powten.o
 .comment       0x00000000       0x71 ./cmath/atof.o
 .comment       0x00000000       0x71 ./cmath/dtoa.o
 .comment       0x00000000       0x71 main.o
 .comment       0x00000000       0x71 clock.o
 .comment       0x00000000       0x71 power.o
 .comment       0x00000000       0x71 ports.o
 .comment       0x00000000       0x71 ticker.o
 .comment       0x00000000       0x71 uart2.o
 .comment       0x00000000       0x71 printf2.o
 .comment       0x00000000       0x71 dump.o
 .comment       0x00000000       0x71 cli.o
 .comment       0x00000000       0x71 dma.o
 .comment       0x00000000       0x71 adc.o
 .comment       0x00000000       0x71 caps.o
 .comment       0x00000000       0x71 comp.o
 .comment       0x00000000       0x71 iir.o

.debug_frame    0x00000000      0xa38
 .debug_frame   0x00000000       0x48 ./core/system_stm32l1xx.o
 .debug_frame   0x00000048       0x40 ./cmath/atof.o
 .debug_frame   0x00000088       0x40 ./cmath/dtoa.o
 .debug_frame   0x000000c8       0x28 main.o
 .debug_frame   0x000000f0       0x60 clock.o
 .debug_frame   0x00000150       0xc4 power.o
 .debug_frame   0x00000214      0x140 ports.o
 .debug_frame   0x00000354       0x88 ticker.o
 .debug_frame   0x000003dc       0xa4 uart2.o
 .debug_frame   0x00000480       0xd4 printf2.o
 .debug_frame   0x00000554       0x40 dump.o
 .debug_frame   0x00000594      0x130 cli.o
 .debug_frame   0x000006c4       0x6c dma.o
 .debug_frame   0x00000730       0x64 adc.o
 .debug_frame   0x00000794       0xa8 caps.o
 .debug_frame   0x0000083c       0x64 comp.o
 .debug_frame   0x000008a0       0xc8 iir.o
 .debug_frame   0x00000968       0x34 d:/gcc/bin/../lib/gcc/arm-none-eabi/4.9.3/../../../../arm-none-eabi/lib/armv7-m\libm.a(lib_a-s_modf.o)
 .debug_frame   0x0000099c       0x4c d:/gcc/bin/../lib/gcc/arm-none-eabi/4.9.3/../../../../arm-none-eabi/lib/armv7-m\libg.a(lib_a-strchr.o)
 .debug_frame   0x000009e8       0x20 d:/gcc/bin/../lib/gcc/arm-none-eabi/4.9.3/../../../../arm-none-eabi/lib/armv7-m\libg.a(lib_a-strlen.o)
 .debug_frame   0x00000a08       0x30 d:/gcc/bin/../lib/gcc/arm-none-eabi/4.9.3/../../../../arm-none-eabi/lib/armv7-m\libg.a(lib_a-strnlen.o)

.debug_ranges   0x00000000      0x280
 .debug_ranges  0x00000000       0x10 main.o
 .debug_ranges  0x00000010       0x30 ports.o
 .debug_ranges  0x00000040       0x38 ticker.o
 .debug_ranges  0x00000078       0x38 uart2.o
 .debug_ranges  0x000000b0       0x18 printf2.o
 .debug_ranges  0x000000c8       0x28 dump.o
 .debug_ranges  0x000000f0       0x48 cli.o
 .debug_ranges  0x00000138       0x50 caps.o
 .debug_ranges  0x00000188       0x18 comp.o
 .debug_ranges  0x000001a0       0xe0 iir.o
