t_now: 1 t_dawn: 5 t_dusk: 30    dred: 8 / 10 rblu: 8 / 10    NTC_TEMP: 23.2
t_now: 2 t_dawn: 5 t_dusk: 30    dred: 7 / 10 rblu: 7 / 10    NTC_TEMP: 22.7
t_now: 3 t_dawn: 5 t_dusk: 30    dred: 6 / 10 rblu: 6 / 10    NTC_TEMP: 24.3
t_now: 4 t_dawn: 5 t_dusk: 30    dred: 5 / 10 rblu: 5 / 10    NTC_TEMP: 25.1
t_now: 5 t_dawn: 5 t_dusk: 30    dred: 4 / 10 rblu: 4 / 10    NTC_TEMP: 24.4
t_now: 6 t_dawn: 5 t_dusk: 30    dred: 4 / 10 rblu: 4 / 10    NTC_TEMP: 23.8
t_now: 7 t_dawn: 5 t_dusk: 30    dred: 4 / 10 rblu: 4 / 10    NTC_TEMP: 22.2
t_now: 8 t_dawn: 5 t_dusk: 30    dred: 4 / 10 rblu: 4 / 10    NTC_TEMP: 24.4
t_now: 8 t_dawn: 5 t_dusk: 30    dred: 4 / 10 rblu: 4 / 10    NTC_TEMP: 24.9
sent GETSTATE response to master
t_now: 9 t_dawn: 5 t_dusk: 30    dred: 4 / 10 rblu: 4 / 10    NTC_TEMP: 20.0
t_now: 10 t_dawn: 5 t_dusk: 30    dred: 4 / 10 rblu: 4 / 10    NTC_TEMP: 23.6
t_now: 11 t_dawn: 5 t_dusk: 30    dred: 4 / 10 rblu: 4 / 10    NTC_TEMP: 26.6
t_now: 12 t_dawn: 5 t_dusk: 30    dred: 4 / 10 rblu: 4 / 10    NTC_TEMP: 27.8
t_now: 13 t_dawn: 5 t_dusk: 30    dred: 4 / 10 rblu: 4 / 10    NTC_TEMP: 22.5
t_now: 14 t_dawn: 5 t_dusk: 30    dred: 4 / 10 rblu: 4 / 10    NTC_TEMP: 16.7
t_now: 15 t_dawn: 5 t_dusk: 30    dred: 4 / 10 rblu: 4 / 10    NTC_TEMP: 25.7
t_now: 16 t_dawn: 5 t_dusk: 30    dred: 4 / 10 rblu: 4 / 10    NTC_TEMP: 22.7
t_now: 17 t_dawn: 5 t_dusk: 30    dred: 4 / 10 rblu: 4 / 10    NTC_TEMP: 20.7
t_now: 18 t_dawn: 5 t_dusk: 30    dred: 4 / 10 rblu: 4 / 10    NTC_TEMP: 25.1
t_now: 19 t_dawn: 5 t_dusk: 30    dred: 4 / 10 rblu: 4 / 10    NTC_TEMP: 26.0
t_now: 20 t_dawn: 5 t_dusk: 30    dred: 4 / 10 rblu: 4 / 10    NTC_TEMP: 23.7
sent GETSTATE response to master
t_now: 21 t_dawn: 5 t_dusk: 30    dred: 4 / 10 rblu: 4 / 10    NTC_TEMP: 26.4
t_now: 22 t_dawn: 5 t_dusk: 30    dred: 4 / 10 rblu: 4 / 10    NTC_TEMP: 21.0
t_now: 23 t_dawn: 5 t_dusk: 30    dred: 4 / 10 rblu: 4 / 10    NTC_TEMP: 28.9
t_now: 24 t_dawn: 5 t_dusk: 30    dred: 4 / 10 rblu: 4 / 10    NTC_TEMP: 18.3
t_now: 25 t_dawn: 5 t_dusk: 30    dred: 4 / 10 rblu: 4 / 10    NTC_TEMP: 19.1
t_now: 26 t_dawn: 5 t_dusk: 30    dred: 4 / 10 rblu: 4 / 10    NTC_TEMP: 15.5
t_now: 27 t_dawn: 5 t_dusk: 30    dred: 4 / 10 rblu: 4 / 10    NTC_TEMP: 22.8
t_now: 28 t_dawn: 5 t_dusk: 30    dred: 4 / 10 rblu: 4 / 10    NTC_TEMP: 23.1
t_now: 29 t_dawn: 5 t_dusk: 30    dred: 4 / 10 rblu: 4 / 10    NTC_TEMP: 24.2
SYNCRTC command received, RTC reset to midnight
t_now: 0 t_dawn: 5 t_dusk: 30    dred: 3 / 10 rblu: 3 / 10    NTC_TEMP: 21.7
t_now: 1 t_dawn: 5 t_dusk: 30    dred: 2 / 10 rblu: 2 / 10    NTC_TEMP: 26.2
t_now: 2 t_dawn: 5 t_dusk: 30    dred: 1 / 10 rblu: 1 / 10    NTC_TEMP: 19.6
sent GETSTATE response to master
t_now: 3 t_dawn: 5 t_dusk: 30    dred: 0 / 10 rblu: 0 / 10    NTC_TEMP: 16.5
t_now: 4 t_dawn: 5 t_dusk: 30    dred: 0 / 10 rblu: 0 / 10    NTC_TEMP: 22.7
t_now: 5 t_dawn: 5 t_dusk: 30    dred: 0 / 10 rblu: 0 / 10    NTC_TEMP: 22.7
t_now: 6 t_dawn: 5 t_dusk: 30    dred: 1 / 10 rblu: 1 / 10    NTC_TEMP: 22.7
t_now: 7 t_dawn: 5 t_dusk: 30    dred: 2 / 10 rblu: 2 / 10    NTC_TEMP: 24.1
t_now: 8 t_dawn: 5 t_dusk: 30    dred: 3 / 10 rblu: 3 / 10    NTC_TEMP: 23.1
t_now: 9 t_dawn: 5 t_dusk: 30    dred: 4 / 10 rblu: 4 / 10    NTC_TEMP: 20.6
t_now: 10 t_dawn: 5 t_dusk: 30    dred: 5 / 10 rblu: 5 / 10    NTC_TEMP: 24.0
t_now: 11 t_dawn: 5 t_dusk: 30    dred: 6 / 10 rblu: 6 / 10    NTC_TEMP: 23.7
Rx: #0x0000 - 55 11 19 00 08 -- -- -- - -- -- -- -- -- -- -- -- : U...............
Rx: #0x0000 - 55 11 19 05 00 e9 0a 0a - 00 e4 -- -- -- -- -- -- : U...............
Rx: #0x0000 - 55 21 29 00 08 -- -- -- - -- -- -- -- -- -- -- -- : U!).............
Tx: #0x0000 - 55 21 29 03 1e 00 01 14 - -- -- -- -- -- -- -- -- : U!).............
Rx: #0x0000 - 55 11 19 00 08 -- -- -- - -- -- -- -- -- -- -- -- : U...............
Rx: #0x0000 - 55 11 19 05 00 ec 04 04 - 00 e1 -- -- -- -- -- -- : U...............
Rx: #0x0000 - 55 21 21 00 00 -- -- -- - -- -- -- -- -- -- -- -- : U!!.............
Tx: #0x0000 - 55 21 21 06 09 c4 09 be - 27 0f 54 -- -- -- -- -- : U!!.....'.T.....
Rx: #0x0000 - 55 21 29 00 08 -- -- -- - -- -- -- -- -- -- -- -- : U!).............
Tx: #0x0000 - 55 21 29 03 1e 00 01 14 - -- -- -- -- -- -- -- -- : U!).............
Rx: #0x0000 - 55 11 19 00 08 -- -- -- - -- -- -- -- -- -- -- -- : U...............
Rx: #0x0000 - 55 11 19 05 00 f8 04 04 - 00 f5 -- -- -- -- -- -- : U...............
Rx: #0x0000 - 55 21 21 00 00 -- -- -- - -- -- -- -- -- -- -- -- : U!!.............
Tx: #0x0000 - 55 21 21 06 09 c4 09 c0 - 27 0f 2a -- -- -- -- -- : U!!.....'.-.....
Rx: #0x0000 - 55 21 29 00 08 -- -- -- - -- -- -- -- -- -- -- -- : U!).............
Tx: #0x0000 - 55 21 29 03 1e 00 01 14 - -- -- -- -- -- -- -- -- : U!).............
Rx: #0x0000 - 55 10 b1 00 a1 -- -- -- - -- -- -- -- -- -- -- -- : U...............
Rx: #0x0000 - 55 11 19 00 08 -- -- -- - -- -- -- -- -- -- -- -- : U...............
Rx: #0x0000 - 55 11 19 05 00 e8 02 02 - 00 e5 -- -- -- -- -- -- : U...............
Rx: #0x0000 - 55 21 21 00 00 -- -- -- - -- -- -- -- -- -- -- -- : U!!.............
Tx: #0x0000 - 55 21 21 06 09 c4 09 c2 - 27 0f 28 -- -- -- -- -- : U!!.....'.(.....
Rx: #0x0000 - 55 21 29 00 08 -- -- -- - -- -- -- -- -- -- -- -- : U!).............
Tx: #0x0000 - 55 21 29 03 1e 00 01 14 - -- -- -- -- -- -- -- -- : U!).............
Rx: #0x0000 - 55 11 19 00 08 -- -- -- - -- -- -- -- -- -- -- -- : U...............
Rx: #0x0000 - 55 11 19 05 00 f8 07 07 - 00 f5 -- -- -- -- -- -- : U...............
Rx: #0x0000 - 55 21 21 00 00 -- -- -- - -- -- -- -- -- -- -- -- : U!!.............
Tx: #0x0000 - 55 21 21 06 09 c4 09 c5 - 27 0f 2f -- -- -- -- -- : U!!.....'./.....
