Archive member included because of file (symbol)

d:/gcc/bin/../lib/gcc/arm-none-eabi/4.9.3/../../../../arm-none-eabi/lib/armv7-m\libm.a(lib_a-s_modf.o)
                              ./cmath/dtoa.o (modf)
d:/gcc/bin/../lib/gcc/arm-none-eabi/4.9.3/../../../../arm-none-eabi/lib/armv7-m\libm.a(lib_a-w_log.o)
                              ntc.o (log)
d:/gcc/bin/../lib/gcc/arm-none-eabi/4.9.3/../../../../arm-none-eabi/lib/armv7-m\libm.a(lib_a-e_log.o)
                              d:/gcc/bin/../lib/gcc/arm-none-eabi/4.9.3/../../../../arm-none-eabi/lib/armv7-m\libm.a(lib_a-w_log.o) (__ieee754_log)
d:/gcc/bin/../lib/gcc/arm-none-eabi/4.9.3/../../../../arm-none-eabi/lib/armv7-m\libm.a(lib_a-s_fpclassify.o)
                              d:/gcc/bin/../lib/gcc/arm-none-eabi/4.9.3/../../../../arm-none-eabi/lib/armv7-m\libm.a(lib_a-w_log.o) (__fpclassifyd)
d:/gcc/bin/../lib/gcc/arm-none-eabi/4.9.3/../../../../arm-none-eabi/lib/armv7-m\libm.a(lib_a-s_lib_ver.o)
                              d:/gcc/bin/../lib/gcc/arm-none-eabi/4.9.3/../../../../arm-none-eabi/lib/armv7-m\libm.a(lib_a-w_log.o) (__fdlib_version)
d:/gcc/bin/../lib/gcc/arm-none-eabi/4.9.3/../../../../arm-none-eabi/lib/armv7-m\libm.a(lib_a-s_matherr.o)
                              d:/gcc/bin/../lib/gcc/arm-none-eabi/4.9.3/../../../../arm-none-eabi/lib/armv7-m\libm.a(lib_a-w_log.o) (matherr)
d:/gcc/bin/../lib/gcc/arm-none-eabi/4.9.3/../../../../arm-none-eabi/lib/armv7-m\libm.a(lib_a-s_nan.o)
                              d:/gcc/bin/../lib/gcc/arm-none-eabi/4.9.3/../../../../arm-none-eabi/lib/armv7-m\libm.a(lib_a-w_log.o) (nan)
d:/gcc/bin/../lib/gcc/arm-none-eabi/4.9.3/armv7-m\libgcc.a(_arm_addsubdf3.o)
                              ./cmath/dtoa.o (__aeabi_dsub)
d:/gcc/bin/../lib/gcc/arm-none-eabi/4.9.3/armv7-m\libgcc.a(_arm_muldivdf3.o)
                              ./cmath/atof.o (__aeabi_dmul)
d:/gcc/bin/../lib/gcc/arm-none-eabi/4.9.3/armv7-m\libgcc.a(_arm_cmpdf2.o)
                              ./cmath/dtoa.o (__aeabi_dcmpeq)
d:/gcc/bin/../lib/gcc/arm-none-eabi/4.9.3/armv7-m\libgcc.a(_arm_fixdfsi.o)
                              ./cmath/dtoa.o (__aeabi_d2iz)
d:/gcc/bin/../lib/gcc/arm-none-eabi/4.9.3/armv7-m\libgcc.a(_arm_truncdfsf2.o)
                              ntc.o (__aeabi_d2f)
d:/gcc/bin/../lib/gcc/arm-none-eabi/4.9.3/armv7-m\libgcc.a(_arm_addsubsf3.o)
                              adc.o (__aeabi_fadd)
d:/gcc/bin/../lib/gcc/arm-none-eabi/4.9.3/armv7-m\libgcc.a(_arm_muldivsf3.o)
                              caps.o (__aeabi_fmul)
d:/gcc/bin/../lib/gcc/arm-none-eabi/4.9.3/armv7-m\libgcc.a(_arm_cmpsf2.o)
                              caps.o (__aeabi_fcmplt)
d:/gcc/bin/../lib/gcc/arm-none-eabi/4.9.3/armv7-m\libgcc.a(_arm_fixunssfsi.o)
                              ntc.o (__aeabi_f2uiz)
d:/gcc/bin/../lib/gcc/arm-none-eabi/4.9.3/../../../../arm-none-eabi/lib/armv7-m\libg.a(lib_a-ctype_.o)
                              dump.o (__ctype_ptr__)
d:/gcc/bin/../lib/gcc/arm-none-eabi/4.9.3/../../../../arm-none-eabi/lib/armv7-m\libg.a(lib_a-errno.o)
                              d:/gcc/bin/../lib/gcc/arm-none-eabi/4.9.3/../../../../arm-none-eabi/lib/armv7-m\libm.a(lib_a-w_log.o) (__errno)
d:/gcc/bin/../lib/gcc/arm-none-eabi/4.9.3/../../../../arm-none-eabi/lib/armv7-m\libg.a(lib_a-impure.o)
                              d:/gcc/bin/../lib/gcc/arm-none-eabi/4.9.3/../../../../arm-none-eabi/lib/armv7-m\libg.a(lib_a-errno.o) (_impure_ptr)
d:/gcc/bin/../lib/gcc/arm-none-eabi/4.9.3/../../../../arm-none-eabi/lib/armv7-m\libg.a(lib_a-strchr.o)
                              cli.o (strchr)
d:/gcc/bin/../lib/gcc/arm-none-eabi/4.9.3/../../../../arm-none-eabi/lib/armv7-m\libg.a(lib_a-strcmp.o)
                              cli.o (strcmp)
d:/gcc/bin/../lib/gcc/arm-none-eabi/4.9.3/../../../../arm-none-eabi/lib/armv7-m\libg.a(lib_a-strlen.o)
                              printf2.o (strlen)
d:/gcc/bin/../lib/gcc/arm-none-eabi/4.9.3/../../../../arm-none-eabi/lib/armv7-m\libg.a(lib_a-strnlen.o)
                              printf2.o (strnlen)

Allocating common symbols
Common symbol       size              file

vrefint             0x4               adc.o
argv                0x28              cli.o
argc                0x4               cli.o
moist               0xc               caps.o
ntc_fil             0x10              adc.o
ntc_err             0x10              ntc.o
ntc_temp            0x10              ntc.o
ble_buf_len         0x1               ble.o
buf_len             0x1               cli.o
buf                 0x80              cli.o
soil_max            0xc               caps.o
ble_buf             0xff              ble.o
soil_min            0xc               caps.o
ntc_dat             0x70              adc.o

Memory Configuration

Name             Origin             Length             Attributes
FLASH            0x08000000         0x00040000         xr
RAM              0x20000000         0x00008000         xrw
*default*        0x00000000         0xffffffff

Linker script and memory map

LOAD ./core/system_stm32l1xx.o
LOAD ./cmath/powten.o
LOAD ./cmath/atof.o
LOAD ./cmath/dtoa.o
LOAD main.o
LOAD clock.o
LOAD power.o
LOAD ports.o
LOAD ticker.o
LOAD uart2.o
LOAD uart3.o
LOAD eeprom.o
LOAD printf2.o
LOAD printf3.o
LOAD dump.o
LOAD cli.o
LOAD caps.o
LOAD adc.o
LOAD dma.o
LOAD ntc.o
LOAD ble.o
LOAD ./core/startup_stm32l151xc.o
LOAD d:/gcc/bin/../lib/gcc/arm-none-eabi/4.9.3/../../../../arm-none-eabi/lib/armv7-m\libm.a
START GROUP
LOAD d:/gcc/bin/../lib/gcc/arm-none-eabi/4.9.3/armv7-m\libgcc.a
LOAD d:/gcc/bin/../lib/gcc/arm-none-eabi/4.9.3/../../../../arm-none-eabi/lib/armv7-m\libg.a
LOAD d:/gcc/bin/../lib/gcc/arm-none-eabi/4.9.3/../../../../arm-none-eabi/lib/armv7-m\libc.a
END GROUP
                0x20008000                _estack = 0x20008000
                0x00000200                _Min_Heap_Size = 0x200
                0x00000400                _Min_Stack_Size = 0x400

.isr_vector     0x08000000      0x13c
                0x08000000                . = ALIGN (0x4)
 *(.isr_vector)
 .isr_vector    0x08000000      0x13c ./core/startup_stm32l151xc.o
                0x08000000                g_pfnVectors
                0x0800013c                . = ALIGN (0x4)

.text           0x08000140     0x4530
                0x08000140                . = ALIGN (0x4)
 *(.text)
 .text          0x08000140       0xd4 ./core/system_stm32l1xx.o
                0x08000140                SystemInit
                0x08000190                SystemCoreClockUpdate
 .text          0x08000214        0x0 ./cmath/powten.o
 *fill*         0x08000214        0x4 
 .text          0x08000218      0x1d8 ./cmath/atof.o
                0x08000218                atof
 .text          0x080003f0      0x2cc ./cmath/dtoa.o
                0x080003f0                dtoa
 .text          0x080006bc        0x0 main.o
 .text          0x080006bc       0xd8 clock.o
                0x080006bc                init_clock
                0x080006f8                rcc_set_systemclock
                0x08000718                rcc_set_rtcclock
                0x08000764                rcc_start_hsi
                0x08000784                rcc_stop_hsi
 .text          0x08000794      0x178 power.o
                0x08000794                init_power
                0x080007d0                power_event_enable
                0x080007fc                power_down
                0x08000840                power_event_disable
                0x0800086c                power_up
                0x08000898                power_enter_ulpmode
                0x080008a8                power_leave_ulpmode
                0x080008b8                power_enter_lprmode
                0x080008d0                power_leave_lprmode
                0x080008e8                power_set_corevoltage
 .text          0x0800090c      0x1ec ports.o
                0x080009c4                init_ports
                0x08000a00                ports_stop
                0x08000a44                ports_resume
                0x08000a68                led_red_on
                0x08000a78                led_red_off
                0x08000a88                led_red_toggle
                0x08000aa0                led_red_flash
                0x08000abc                vgnd_enable
                0x08000acc                vgnd_disable
                0x08000adc                ntc_enable
                0x08000aec                ntc_disable
 .text          0x08000af8       0xe0 ticker.o
                0x08000af8                TIM7_IRQHandler
                0x08000b48                init_ticker
                0x08000b94                usleep
                0x08000bac                msleep
 .text          0x08000bd8      0x14c uart2.o
                0x08000bd8                USART2_IRQHandler
                0x08000c48                init_uart2
                0x08000c88                uart2_putc
                0x08000cd0                uart2_puts
                0x08000ce8                uart2_getc
                0x08000d0c                uart2_flush
 .text          0x08000d24      0x14c uart3.o
                0x08000d24                USART3_IRQHandler
                0x08000d94                init_uart3
                0x08000dd4                uart3_putc
                0x08000e1c                uart3_flush
                0x08000e34                uart3_puts
                0x08000e4c                uart3_getc
 .text          0x08000e70      0x128 eeprom.o
                0x08000e70                eeprom_write_long
                0x08000eb8                eeprom_read_long
                0x08000ecc                eeprom_unlock
                0x08000eec                eeprom_lock
                0x08000efc                eeprom_dump
                0x08000f10                flash_dump_registers
 .text          0x08000f98      0x378 printf2.o
                0x08000f98                sprintf2
                0x080012a4                printf2
                0x080012d8                debug
 .text          0x08001310      0x340 printf3.o
                0x0800161c                printf3
 .text          0x08001650      0x150 dump.o
                0x08001650                dump_ascii
 .text          0x080017a0      0x5dc cli.o
                0x08001ba4                first_prompt
                0x08001bb0                prompt
                0x08001bbc                rb_atoi
                0x08001c04                rb_atol
                0x08001c4c                skipws
                0x08001c60                split_line
                0x08001cac                parse_line
                0x08001cb4                help
                0x08001cd0                version
                0x08001cdc                poll_cli
 .text          0x08001d7c      0x480 caps.o
                0x08001e70                init_tcs
                0x08001eb8                tsc_cs_discharge
                0x08001ed4                tsc_cs_float
                0x08001ee4                tsc_ct_discharge
                0x08001f18                tsc_ct_charge
                0x08001f4c                tsc_ct_float
                0x08001f74                tcs_switches
                0x08001fa4                soil_read
                0x08001fb0                soil_update
                0x08001fd4                soil_dump
                0x08002068                soil_dump_raw
                0x080020ac                soil_dump_ble
                0x080020e4                tsc_get_bounds
                0x0800213c                tsc_set_bounds
                0x08002154                tsc_dump_bounds
                0x0800218c                tcs_set_min
                0x080021c4                tcs_set_max
 .text          0x080021fc      0x4a8 adc.o
                0x080021fc                init_adc
                0x08002284                adc_read_channel
                0x080022d0                adc_read_supply
                0x080023c4                vrefint_enable
                0x080023d8                vrefint_disable
                0x080023e8                adc_dump
                0x08002424                adc_dump_ble
                0x08002460                adc_dump_registers
                0x08002524                adc_median
                0x08002568                adc_read_ntc
                0x08002618                adc_read_ntc_new
                0x08002690                adc_update
 .text          0x080026a4       0xd4 dma.o
                0x080026a4                init_dma_adc
                0x080026e0                dma_enable
                0x080026f0                dma_disable
                0x08002710                dma_dump_registers
 .text          0x08002778      0x268 ntc.o
                0x08002870                ntc_update
                0x0800289c                ntc_convert
                0x080028a8                ntc_dump
                0x080028ec                ntc_dump_ble
                0x08002930                ntc_get_error
                0x0800294c                init_ntc
                0x08002950                ntc_dump_error
                0x0800298c                ee_set_ntccal
                0x080029a0                ee_get_ntccal
                0x080029ac                ee_dump_ntccal
 .text          0x080029e0      0x30c ble.o
                0x080029e0                ble_at
                0x080029fc                ble_reset
                0x08002a28                ble_enter_lpm
                0x08002a44                ble_do
                0x08002b10                ble_leave_lpm
                0x08002b2c                ble_cmd_mode
                0x08002b38                ble_data_mode
                0x08002b44                ble_get_name
                0x08002b6c                ble_dump_name
                0x08002b7c                ble_set_advin
                0x08002ba8                init_ble
                0x08002bd8                ble_parse_line
                0x08002c7c                poll_ble
 .text          0x08002cec       0x14 ./core/startup_stm32l151xc.o
 .text          0x08002d00        0x0 d:/gcc/bin/../lib/gcc/arm-none-eabi/4.9.3/../../../../arm-none-eabi/lib/armv7-m\libm.a(lib_a-s_modf.o)
 .text          0x08002d00        0x0 d:/gcc/bin/../lib/gcc/arm-none-eabi/4.9.3/../../../../arm-none-eabi/lib/armv7-m\libm.a(lib_a-w_log.o)
 .text          0x08002d00        0x0 d:/gcc/bin/../lib/gcc/arm-none-eabi/4.9.3/../../../../arm-none-eabi/lib/armv7-m\libm.a(lib_a-e_log.o)
 .text          0x08002d00        0x0 d:/gcc/bin/../lib/gcc/arm-none-eabi/4.9.3/../../../../arm-none-eabi/lib/armv7-m\libm.a(lib_a-s_fpclassify.o)
 .text          0x08002d00        0x0 d:/gcc/bin/../lib/gcc/arm-none-eabi/4.9.3/../../../../arm-none-eabi/lib/armv7-m\libm.a(lib_a-s_lib_ver.o)
 .text          0x08002d00        0x0 d:/gcc/bin/../lib/gcc/arm-none-eabi/4.9.3/../../../../arm-none-eabi/lib/armv7-m\libm.a(lib_a-s_matherr.o)
 .text          0x08002d00        0x0 d:/gcc/bin/../lib/gcc/arm-none-eabi/4.9.3/../../../../arm-none-eabi/lib/armv7-m\libm.a(lib_a-s_nan.o)
 .text          0x08002d00      0x370 d:/gcc/bin/../lib/gcc/arm-none-eabi/4.9.3/armv7-m\libgcc.a(_arm_addsubdf3.o)
                0x08002d00                __aeabi_drsub
                0x08002d08                __aeabi_dsub
                0x08002d08                __subdf3
                0x08002d0c                __aeabi_dadd
                0x08002d0c                __adddf3
                0x08002f84                __floatunsidf
                0x08002f84                __aeabi_ui2d
                0x08002fa4                __floatsidf
                0x08002fa4                __aeabi_i2d
                0x08002fc8                __aeabi_f2d
                0x08002fc8                __extendsfdf2
                0x08003004                __floatundidf
                0x08003004                __aeabi_ul2d
                0x08003014                __floatdidf
                0x08003014                __aeabi_l2d
 .text          0x08003070      0x424 d:/gcc/bin/../lib/gcc/arm-none-eabi/4.9.3/armv7-m\libgcc.a(_arm_muldivdf3.o)
                0x08003070                __aeabi_dmul
                0x08003070                __muldf3
                0x080032c4                __divdf3
                0x080032c4                __aeabi_ddiv
 .text          0x08003494      0x110 d:/gcc/bin/../lib/gcc/arm-none-eabi/4.9.3/armv7-m\libgcc.a(_arm_cmpdf2.o)
                0x08003494                __gtdf2
                0x08003494                __gedf2
                0x0800349c                __ltdf2
                0x0800349c                __ledf2
                0x080034a4                __nedf2
                0x080034a4                __eqdf2
                0x080034a4                __cmpdf2
                0x08003520                __aeabi_cdrcmple
                0x08003530                __aeabi_cdcmpeq
                0x08003530                __aeabi_cdcmple
                0x08003540                __aeabi_dcmpeq
                0x08003554                __aeabi_dcmplt
                0x08003568                __aeabi_dcmple
                0x0800357c                __aeabi_dcmpge
                0x08003590                __aeabi_dcmpgt
 .text          0x080035a4       0x50 d:/gcc/bin/../lib/gcc/arm-none-eabi/4.9.3/armv7-m\libgcc.a(_arm_fixdfsi.o)
                0x080035a4                __aeabi_d2iz
                0x080035a4                __fixdfsi
 .text          0x080035f4       0xa0 d:/gcc/bin/../lib/gcc/arm-none-eabi/4.9.3/armv7-m\libgcc.a(_arm_truncdfsf2.o)
                0x080035f4                __truncdfsf2
                0x080035f4                __aeabi_d2f
 .text          0x08003694      0x21c d:/gcc/bin/../lib/gcc/arm-none-eabi/4.9.3/armv7-m\libgcc.a(_arm_addsubsf3.o)
                0x08003694                __aeabi_frsub
                0x0800369c                __subsf3
                0x0800369c                __aeabi_fsub
                0x080036a0                __aeabi_fadd
                0x080036a0                __addsf3
                0x08003800                __aeabi_ui2f
                0x08003800                __floatunsisf
                0x08003808                __aeabi_i2f
                0x08003808                __floatsisf
                0x08003824                __aeabi_ul2f
                0x08003824                __floatundisf
                0x08003834                __aeabi_l2f
                0x08003834                __floatdisf
 .text          0x080038b0      0x2a0 d:/gcc/bin/../lib/gcc/arm-none-eabi/4.9.3/armv7-m\libgcc.a(_arm_muldivsf3.o)
                0x080038b0                __mulsf3
                0x080038b0                __aeabi_fmul
                0x08003a18                __aeabi_fdiv
                0x08003a18                __divsf3
 .text          0x08003b50       0xec d:/gcc/bin/../lib/gcc/arm-none-eabi/4.9.3/armv7-m\libgcc.a(_arm_cmpsf2.o)
                0x08003b50                __gesf2
                0x08003b50                __gtsf2
                0x08003b58                __lesf2
                0x08003b58                __ltsf2
                0x08003b60                __nesf2
                0x08003b60                __eqsf2
                0x08003b60                __cmpsf2
                0x08003bc0                __aeabi_cfrcmple
                0x08003bc8                __aeabi_cfcmpeq
                0x08003bc8                __aeabi_cfcmple
                0x08003bd8                __aeabi_fcmpeq
                0x08003bec                __aeabi_fcmplt
                0x08003c00                __aeabi_fcmple
                0x08003c14                __aeabi_fcmpge
                0x08003c28                __aeabi_fcmpgt
 .text          0x08003c3c       0x40 d:/gcc/bin/../lib/gcc/arm-none-eabi/4.9.3/armv7-m\libgcc.a(_arm_fixunssfsi.o)
                0x08003c3c                __fixunssfsi
                0x08003c3c                __aeabi_f2uiz
 .text          0x08003c7c        0x0 d:/gcc/bin/../lib/gcc/arm-none-eabi/4.9.3/../../../../arm-none-eabi/lib/armv7-m\libg.a(lib_a-ctype_.o)
 .text          0x08003c7c        0x0 d:/gcc/bin/../lib/gcc/arm-none-eabi/4.9.3/../../../../arm-none-eabi/lib/armv7-m\libg.a(lib_a-errno.o)
 .text          0x08003c7c        0x0 d:/gcc/bin/../lib/gcc/arm-none-eabi/4.9.3/../../../../arm-none-eabi/lib/armv7-m\libg.a(lib_a-impure.o)
 .text          0x08003c7c        0x0 d:/gcc/bin/../lib/gcc/arm-none-eabi/4.9.3/../../../../arm-none-eabi/lib/armv7-m\libg.a(lib_a-strchr.o)
 .text          0x08003c7c      0x1bc d:/gcc/bin/../lib/gcc/arm-none-eabi/4.9.3/../../../../arm-none-eabi/lib/armv7-m\libg.a(lib_a-strcmp.o)
                0x08003c7c                strcmp
 .text          0x08003e38        0x0 d:/gcc/bin/../lib/gcc/arm-none-eabi/4.9.3/../../../../arm-none-eabi/lib/armv7-m\libg.a(lib_a-strlen.o)
 .text          0x08003e38        0x0 d:/gcc/bin/../lib/gcc/arm-none-eabi/4.9.3/../../../../arm-none-eabi/lib/armv7-m\libg.a(lib_a-strnlen.o)
 *(.text*)
 .text.startup  0x08003e38       0x50 main.o
                0x08003e38                main
 .text.Reset_Handler
                0x08003e88       0x44 ./core/startup_stm32l151xc.o
                0x08003e88                Reset_Handler
 .text.Default_Handler
                0x08003ecc        0x2 ./core/startup_stm32l151xc.o
                0x08003ecc                RTC_Alarm_IRQHandler
                0x08003ecc                EXTI2_IRQHandler
                0x08003ecc                COMP_ACQ_IRQHandler
                0x08003ecc                DebugMon_Handler
                0x08003ecc                HardFault_Handler
                0x08003ecc                TIM10_IRQHandler
                0x08003ecc                USB_HP_IRQHandler
                0x08003ecc                TIM6_IRQHandler
                0x08003ecc                SysTick_Handler
                0x08003ecc                PVD_IRQHandler
                0x08003ecc                PendSV_Handler
                0x08003ecc                NMI_Handler
                0x08003ecc                EXTI3_IRQHandler
                0x08003ecc                EXTI0_IRQHandler
                0x08003ecc                I2C2_EV_IRQHandler
                0x08003ecc                UsageFault_Handler
                0x08003ecc                SPI1_IRQHandler
                0x08003ecc                USB_FS_WKUP_IRQHandler
                0x08003ecc                DMA2_Channel2_IRQHandler
                0x08003ecc                DMA1_Channel4_IRQHandler
                0x08003ecc                ADC1_IRQHandler
                0x08003ecc                DMA1_Channel7_IRQHandler
                0x08003ecc                TIM4_IRQHandler
                0x08003ecc                DMA2_Channel1_IRQHandler
                0x08003ecc                I2C1_EV_IRQHandler
                0x08003ecc                DMA1_Channel6_IRQHandler
                0x08003ecc                DMA2_Channel4_IRQHandler
                0x08003ecc                TIM3_IRQHandler
                0x08003ecc                RCC_IRQHandler
                0x08003ecc                DMA1_Channel1_IRQHandler
                0x08003ecc                Default_Handler
                0x08003ecc                EXTI15_10_IRQHandler
                0x08003ecc                TIM5_IRQHandler
                0x08003ecc                EXTI9_5_IRQHandler
                0x08003ecc                TIM9_IRQHandler
                0x08003ecc                TAMPER_STAMP_IRQHandler
                0x08003ecc                RTC_WKUP_IRQHandler
                0x08003ecc                SPI2_IRQHandler
                0x08003ecc                MemManage_Handler
                0x08003ecc                SVC_Handler
                0x08003ecc                DMA2_Channel5_IRQHandler
                0x08003ecc                DMA1_Channel5_IRQHandler
                0x08003ecc                USB_LP_IRQHandler
                0x08003ecc                EXTI4_IRQHandler
                0x08003ecc                DMA1_Channel3_IRQHandler
                0x08003ecc                COMP_IRQHandler
                0x08003ecc                WWDG_IRQHandler
                0x08003ecc                TIM2_IRQHandler
                0x08003ecc                DAC_IRQHandler
                0x08003ecc                EXTI1_IRQHandler
                0x08003ecc                TIM11_IRQHandler
                0x08003ecc                I2C2_ER_IRQHandler
                0x08003ecc                DMA1_Channel2_IRQHandler
                0x08003ecc                FLASH_IRQHandler
                0x08003ecc                BusFault_Handler
                0x08003ecc                USART1_IRQHandler
                0x08003ecc                SPI3_IRQHandler
                0x08003ecc                I2C1_ER_IRQHandler
                0x08003ecc                DMA2_Channel3_IRQHandler
 *fill*         0x08003ece        0x2 
 .text.modf     0x08003ed0       0xc4 d:/gcc/bin/../lib/gcc/arm-none-eabi/4.9.3/../../../../arm-none-eabi/lib/armv7-m\libm.a(lib_a-s_modf.o)
                0x08003ed0                modf
 .text.log      0x08003f94      0x100 d:/gcc/bin/../lib/gcc/arm-none-eabi/4.9.3/../../../../arm-none-eabi/lib/armv7-m\libm.a(lib_a-w_log.o)
                0x08003f94                log
 *fill*         0x08004094        0x4 
 .text.__ieee754_log
                0x08004098      0x3d0 d:/gcc/bin/../lib/gcc/arm-none-eabi/4.9.3/../../../../arm-none-eabi/lib/armv7-m\libm.a(lib_a-e_log.o)
                0x08004098                __ieee754_log
 .text.__fpclassifyd
                0x08004468       0x58 d:/gcc/bin/../lib/gcc/arm-none-eabi/4.9.3/../../../../arm-none-eabi/lib/armv7-m\libm.a(lib_a-s_fpclassify.o)
                0x08004468                __fpclassifyd
 .text.matherr  0x080044c0        0x4 d:/gcc/bin/../lib/gcc/arm-none-eabi/4.9.3/../../../../arm-none-eabi/lib/armv7-m\libm.a(lib_a-s_matherr.o)
                0x080044c0                matherr
 .text.nan      0x080044c4        0xc d:/gcc/bin/../lib/gcc/arm-none-eabi/4.9.3/../../../../arm-none-eabi/lib/armv7-m\libm.a(lib_a-s_nan.o)
                0x080044c4                nan
 .text.__errno  0x080044d0        0xc d:/gcc/bin/../lib/gcc/arm-none-eabi/4.9.3/../../../../arm-none-eabi/lib/armv7-m\libg.a(lib_a-errno.o)
                0x080044d0                __errno
 .text.strchr   0x080044dc       0xcc d:/gcc/bin/../lib/gcc/arm-none-eabi/4.9.3/../../../../arm-none-eabi/lib/armv7-m\libg.a(lib_a-strchr.o)
                0x080044dc                strchr
 .text.strlen   0x080045a8       0x5c d:/gcc/bin/../lib/gcc/arm-none-eabi/4.9.3/../../../../arm-none-eabi/lib/armv7-m\libg.a(lib_a-strlen.o)
                0x080045a8                strlen
 .text.strnlen  0x08004604       0x34 d:/gcc/bin/../lib/gcc/arm-none-eabi/4.9.3/../../../../arm-none-eabi/lib/armv7-m\libg.a(lib_a-strnlen.o)
                0x08004604                strnlen
 *(.glue_7)
 .glue_7        0x00000000        0x0 linker stubs
 *(.glue_7t)
 .glue_7t       0x00000000        0x0 linker stubs
 *(.eh_frame)
 .eh_frame      0x08004638       0x38 d:/gcc/bin/../lib/gcc/arm-none-eabi/4.9.3/../../../../arm-none-eabi/lib/armv7-m\libg.a(lib_a-strcmp.o)
 *(.init)
 *(.fini)
                0x08004670                . = ALIGN (0x4)
                0x08004670                _etext = .

.vfp11_veneer   0x08004670        0x0
 .vfp11_veneer  0x00000000        0x0 linker stubs

.v4_bx          0x08004670        0x0
 .v4_bx         0x00000000        0x0 linker stubs

.iplt           0x08004670        0x0
 .iplt          0x00000000        0x0 ./core/system_stm32l1xx.o

.rodata         0x08004670      0xbb8
                0x08004670                . = ALIGN (0x4)
 *(.rodata)
 .rodata        0x08004670       0x24 ./core/system_stm32l1xx.o
                0x08004670                PLLMulTable
                0x0800467c                AHBPrescTable
                0x0800468c                APBPrescTable
 *fill*         0x08004694        0x4 
 .rodata        0x08004698      0x268 ./cmath/powten.o
                0x08004698                powten
 .rodata        0x08004900       0xc0 ports.o
 *(.rodata*)
 .rodata.str1.4
                0x080049c0      0x115 eeprom.o
                                0x118 (size before relaxing)
 *fill*         0x08004ad5        0x3 
 .rodata.str1.4
                0x08004ad8       0x21 printf2.o
                                 0x28 (size before relaxing)
 .rodata.str1.4
                0x00000000       0x28 printf3.o
 *fill*         0x08004af9        0x3 
 .rodata.str1.4
                0x08004afc       0x1e dump.o
                                 0x30 (size before relaxing)
 *fill*         0x08004b1a        0x2 
 .rodata.str1.4
                0x08004b1c      0x222 cli.o
                                0x22c (size before relaxing)
 *fill*         0x08004d3e        0x2 
 .rodata.str1.4
                0x08004d40       0x43 caps.o
                                 0x48 (size before relaxing)
 *fill*         0x08004d83        0x1 
 .rodata.str1.4
                0x08004d84      0x158 adc.o
 .rodata.str1.4
                0x08004edc       0xcc dma.o
 .rodata.str1.4
                0x08004fa8       0x54 ntc.o
                                 0x58 (size before relaxing)
 .rodata.str1.4
                0x08004ffc      0x119 ble.o
                                0x144 (size before relaxing)
 *fill*         0x08005115        0x3 
 .rodata.str1.4
                0x08005118        0x4 d:/gcc/bin/../lib/gcc/arm-none-eabi/4.9.3/../../../../arm-none-eabi/lib/armv7-m\libm.a(lib_a-w_log.o)
                                  0x8 (size before relaxing)
 .rodata._ctype_
                0x0800511c      0x104 d:/gcc/bin/../lib/gcc/arm-none-eabi/4.9.3/../../../../arm-none-eabi/lib/armv7-m\libg.a(lib_a-ctype_.o)
                0x0800511c                _ctype_
 .rodata.str1.4
                0x08005220        0x4 d:/gcc/bin/../lib/gcc/arm-none-eabi/4.9.3/../../../../arm-none-eabi/lib/armv7-m\libg.a(lib_a-impure.o)
 .rodata._global_impure_ptr
                0x08005224        0x4 d:/gcc/bin/../lib/gcc/arm-none-eabi/4.9.3/../../../../arm-none-eabi/lib/armv7-m\libg.a(lib_a-impure.o)
                0x08005224                _global_impure_ptr
                0x08005228                . = ALIGN (0x4)

.rel.dyn        0x08005228        0x0
 .rel.iplt      0x00000000        0x0 ./core/system_stm32l1xx.o

.ARM.extab
 *(.ARM.extab* .gnu.linkonce.armextab.*)

.ARM            0x08005228        0x0
                0x08005228                __exidx_start = .
 *(.ARM.exidx*)
                0x08005228                __exidx_end = .

.preinit_array  0x08005228        0x0
                0x08005228                PROVIDE (__preinit_array_start, .)
 *(.preinit_array*)
                0x08005228                PROVIDE (__preinit_array_end, .)

.init_array     0x08005228        0x0
                0x08005228                PROVIDE (__init_array_start, .)
 *(SORT(.init_array.*))
 *(.init_array*)
                0x08005228                PROVIDE (__init_array_end, .)

.fini_array     0x08005228        0x0
                0x08005228                PROVIDE (__fini_array_start, .)
 *(SORT(.fini_array.*))
 *(.fini_array*)
                0x08005228                PROVIDE (__fini_array_end, .)
                0x08005228                _sidata = LOADADDR (.data)

.data           0x20000000      0x454 load address 0x08005228
                0x20000000                . = ALIGN (0x4)
                0x20000000                _sdata = .
 *(.data)
 .data          0x20000000        0x4 ./core/system_stm32l1xx.o
                0x20000000                SystemCoreClock
 .data          0x20000004        0x0 ./cmath/powten.o
 .data          0x20000004        0x0 ./cmath/atof.o
 .data          0x20000004        0x0 ./cmath/dtoa.o
 .data          0x20000004        0x0 main.o
 .data          0x20000004        0x0 clock.o
 .data          0x20000004        0x0 power.o
 .data          0x20000004        0x0 ports.o
 .data          0x20000004        0x0 ticker.o
 .data          0x20000004        0x0 uart2.o
 .data          0x20000004        0x0 uart3.o
 .data          0x20000004        0x0 eeprom.o
 .data          0x20000004        0x0 printf2.o
 .data          0x20000004        0x0 printf3.o
 .data          0x20000004        0x0 dump.o
 .data          0x20000004        0x0 cli.o
 .data          0x20000004        0xc caps.o
                0x20000004                soil_gpio
 .data          0x20000010        0x0 adc.o
 .data          0x20000010        0x0 dma.o
 .data          0x20000010        0x0 ntc.o
 .data          0x20000010       0x10 ble.o
                0x20000010                ble_name
 .data          0x20000020        0x0 ./core/startup_stm32l151xc.o
 .data          0x20000020        0x0 d:/gcc/bin/../lib/gcc/arm-none-eabi/4.9.3/../../../../arm-none-eabi/lib/armv7-m\libm.a(lib_a-s_modf.o)
 .data          0x20000020        0x0 d:/gcc/bin/../lib/gcc/arm-none-eabi/4.9.3/../../../../arm-none-eabi/lib/armv7-m\libm.a(lib_a-w_log.o)
 .data          0x20000020        0x0 d:/gcc/bin/../lib/gcc/arm-none-eabi/4.9.3/../../../../arm-none-eabi/lib/armv7-m\libm.a(lib_a-e_log.o)
 .data          0x20000020        0x0 d:/gcc/bin/../lib/gcc/arm-none-eabi/4.9.3/../../../../arm-none-eabi/lib/armv7-m\libm.a(lib_a-s_fpclassify.o)
 .data          0x20000020        0x0 d:/gcc/bin/../lib/gcc/arm-none-eabi/4.9.3/../../../../arm-none-eabi/lib/armv7-m\libm.a(lib_a-s_lib_ver.o)
 .data          0x20000020        0x0 d:/gcc/bin/../lib/gcc/arm-none-eabi/4.9.3/../../../../arm-none-eabi/lib/armv7-m\libm.a(lib_a-s_matherr.o)
 .data          0x20000020        0x0 d:/gcc/bin/../lib/gcc/arm-none-eabi/4.9.3/../../../../arm-none-eabi/lib/armv7-m\libm.a(lib_a-s_nan.o)
 .data          0x20000020        0x0 d:/gcc/bin/../lib/gcc/arm-none-eabi/4.9.3/armv7-m\libgcc.a(_arm_addsubdf3.o)
 .data          0x20000020        0x0 d:/gcc/bin/../lib/gcc/arm-none-eabi/4.9.3/armv7-m\libgcc.a(_arm_muldivdf3.o)
 .data          0x20000020        0x0 d:/gcc/bin/../lib/gcc/arm-none-eabi/4.9.3/armv7-m\libgcc.a(_arm_cmpdf2.o)
 .data          0x20000020        0x0 d:/gcc/bin/../lib/gcc/arm-none-eabi/4.9.3/armv7-m\libgcc.a(_arm_fixdfsi.o)
 .data          0x20000020        0x0 d:/gcc/bin/../lib/gcc/arm-none-eabi/4.9.3/armv7-m\libgcc.a(_arm_truncdfsf2.o)
 .data          0x20000020        0x0 d:/gcc/bin/../lib/gcc/arm-none-eabi/4.9.3/armv7-m\libgcc.a(_arm_addsubsf3.o)
 .data          0x20000020        0x0 d:/gcc/bin/../lib/gcc/arm-none-eabi/4.9.3/armv7-m\libgcc.a(_arm_muldivsf3.o)
 .data          0x20000020        0x0 d:/gcc/bin/../lib/gcc/arm-none-eabi/4.9.3/armv7-m\libgcc.a(_arm_cmpsf2.o)
 .data          0x20000020        0x0 d:/gcc/bin/../lib/gcc/arm-none-eabi/4.9.3/armv7-m\libgcc.a(_arm_fixunssfsi.o)
 .data          0x20000020        0x0 d:/gcc/bin/../lib/gcc/arm-none-eabi/4.9.3/../../../../arm-none-eabi/lib/armv7-m\libg.a(lib_a-ctype_.o)
 .data          0x20000020        0x0 d:/gcc/bin/../lib/gcc/arm-none-eabi/4.9.3/../../../../arm-none-eabi/lib/armv7-m\libg.a(lib_a-errno.o)
 .data          0x20000020        0x0 d:/gcc/bin/../lib/gcc/arm-none-eabi/4.9.3/../../../../arm-none-eabi/lib/armv7-m\libg.a(lib_a-impure.o)
 .data          0x20000020        0x0 d:/gcc/bin/../lib/gcc/arm-none-eabi/4.9.3/../../../../arm-none-eabi/lib/armv7-m\libg.a(lib_a-strchr.o)
 .data          0x20000020        0x0 d:/gcc/bin/../lib/gcc/arm-none-eabi/4.9.3/../../../../arm-none-eabi/lib/armv7-m\libg.a(lib_a-strcmp.o)
 .data          0x20000020        0x0 d:/gcc/bin/../lib/gcc/arm-none-eabi/4.9.3/../../../../arm-none-eabi/lib/armv7-m\libg.a(lib_a-strlen.o)
 .data          0x20000020        0x0 d:/gcc/bin/../lib/gcc/arm-none-eabi/4.9.3/../../../../arm-none-eabi/lib/armv7-m\libg.a(lib_a-strnlen.o)
 *(.data*)
 .data.__fdlib_version
                0x20000020        0x1 d:/gcc/bin/../lib/gcc/arm-none-eabi/4.9.3/../../../../arm-none-eabi/lib/armv7-m\libm.a(lib_a-s_lib_ver.o)
                0x20000020                __fdlib_version
 *fill*         0x20000021        0x3 
 .data.__ctype_ptr__
                0x20000024        0x4 d:/gcc/bin/../lib/gcc/arm-none-eabi/4.9.3/../../../../arm-none-eabi/lib/armv7-m\libg.a(lib_a-ctype_.o)
                0x20000024                __ctype_ptr__
 .data.impure_data
                0x20000028      0x428 d:/gcc/bin/../lib/gcc/arm-none-eabi/4.9.3/../../../../arm-none-eabi/lib/armv7-m\libg.a(lib_a-impure.o)
 .data._impure_ptr
                0x20000450        0x4 d:/gcc/bin/../lib/gcc/arm-none-eabi/4.9.3/../../../../arm-none-eabi/lib/armv7-m\libg.a(lib_a-impure.o)
                0x20000450                _impure_ptr
                0x20000454                . = ALIGN (0x4)
                0x20000454                _edata = .

.igot.plt       0x20000454        0x0 load address 0x0800567c
 .igot.plt      0x00000000        0x0 ./core/system_stm32l1xx.o
                0x20000454                . = ALIGN (0x4)

.bss            0x20000454      0x73c load address 0x0800567c
                0x20000454                _sbss = .
                0x20000454                __bss_start__ = _sbss
 *(.bss)
 .bss           0x20000454        0x0 ./core/system_stm32l1xx.o
 .bss           0x20000454        0x0 ./cmath/powten.o
 .bss           0x20000454        0x0 ./cmath/atof.o
 .bss           0x20000454        0x0 ./cmath/dtoa.o
 .bss           0x20000454        0x0 main.o
 .bss           0x20000454        0x0 clock.o
 .bss           0x20000454        0x0 power.o
 .bss           0x20000454        0x0 ports.o
 .bss           0x20000454        0x6 ticker.o
                0x20000456                csec_elapsed
                0x20000458                dsec_elapsed
                0x20000459                sec_elapsed
 *fill*         0x2000045a        0x2 
 .bss           0x2000045c      0x110 uart2.o
 .bss           0x2000056c      0x110 uart3.o
 .bss           0x2000067c        0x0 eeprom.o
 .bss           0x2000067c      0x180 printf2.o
 .bss           0x200007fc      0x100 printf3.o
 .bss           0x200008fc        0x0 dump.o
 .bss           0x200008fc        0x0 cli.o
 .bss           0x200008fc        0x0 caps.o
 .bss           0x200008fc        0xc adc.o
                0x200008fc                vbat
                0x20000900                vsol
                0x20000904                vdda
 .bss           0x20000908        0x0 dma.o
 .bss           0x20000908        0x0 ntc.o
 .bss           0x20000908        0xc ble.o
                0x20000908                ble_echo
                0x20000910                ble_log
 .bss           0x20000914        0x0 ./core/startup_stm32l151xc.o
 .bss           0x20000914        0x0 d:/gcc/bin/../lib/gcc/arm-none-eabi/4.9.3/../../../../arm-none-eabi/lib/armv7-m\libm.a(lib_a-s_modf.o)
 .bss           0x20000914        0x0 d:/gcc/bin/../lib/gcc/arm-none-eabi/4.9.3/../../../../arm-none-eabi/lib/armv7-m\libm.a(lib_a-w_log.o)
 .bss           0x20000914        0x0 d:/gcc/bin/../lib/gcc/arm-none-eabi/4.9.3/../../../../arm-none-eabi/lib/armv7-m\libm.a(lib_a-e_log.o)
 .bss           0x20000914        0x0 d:/gcc/bin/../lib/gcc/arm-none-eabi/4.9.3/../../../../arm-none-eabi/lib/armv7-m\libm.a(lib_a-s_fpclassify.o)
 .bss           0x20000914        0x0 d:/gcc/bin/../lib/gcc/arm-none-eabi/4.9.3/../../../../arm-none-eabi/lib/armv7-m\libm.a(lib_a-s_lib_ver.o)
 .bss           0x20000914        0x0 d:/gcc/bin/../lib/gcc/arm-none-eabi/4.9.3/../../../../arm-none-eabi/lib/armv7-m\libm.a(lib_a-s_matherr.o)
 .bss           0x20000914        0x0 d:/gcc/bin/../lib/gcc/arm-none-eabi/4.9.3/../../../../arm-none-eabi/lib/armv7-m\libm.a(lib_a-s_nan.o)
 .bss           0x20000914        0x0 d:/gcc/bin/../lib/gcc/arm-none-eabi/4.9.3/armv7-m\libgcc.a(_arm_addsubdf3.o)
 .bss           0x20000914        0x0 d:/gcc/bin/../lib/gcc/arm-none-eabi/4.9.3/armv7-m\libgcc.a(_arm_muldivdf3.o)
 .bss           0x20000914        0x0 d:/gcc/bin/../lib/gcc/arm-none-eabi/4.9.3/armv7-m\libgcc.a(_arm_cmpdf2.o)
 .bss           0x20000914        0x0 d:/gcc/bin/../lib/gcc/arm-none-eabi/4.9.3/armv7-m\libgcc.a(_arm_fixdfsi.o)
 .bss           0x20000914        0x0 d:/gcc/bin/../lib/gcc/arm-none-eabi/4.9.3/armv7-m\libgcc.a(_arm_truncdfsf2.o)
 .bss           0x20000914        0x0 d:/gcc/bin/../lib/gcc/arm-none-eabi/4.9.3/armv7-m\libgcc.a(_arm_addsubsf3.o)
 .bss           0x20000914        0x0 d:/gcc/bin/../lib/gcc/arm-none-eabi/4.9.3/armv7-m\libgcc.a(_arm_muldivsf3.o)
 .bss           0x20000914        0x0 d:/gcc/bin/../lib/gcc/arm-none-eabi/4.9.3/armv7-m\libgcc.a(_arm_cmpsf2.o)
 .bss           0x20000914        0x0 d:/gcc/bin/../lib/gcc/arm-none-eabi/4.9.3/armv7-m\libgcc.a(_arm_fixunssfsi.o)
 .bss           0x20000914        0x0 d:/gcc/bin/../lib/gcc/arm-none-eabi/4.9.3/../../../../arm-none-eabi/lib/armv7-m\libg.a(lib_a-ctype_.o)
 .bss           0x20000914        0x0 d:/gcc/bin/../lib/gcc/arm-none-eabi/4.9.3/../../../../arm-none-eabi/lib/armv7-m\libg.a(lib_a-errno.o)
 .bss           0x20000914        0x0 d:/gcc/bin/../lib/gcc/arm-none-eabi/4.9.3/../../../../arm-none-eabi/lib/armv7-m\libg.a(lib_a-impure.o)
 .bss           0x20000914        0x0 d:/gcc/bin/../lib/gcc/arm-none-eabi/4.9.3/../../../../arm-none-eabi/lib/armv7-m\libg.a(lib_a-strchr.o)
 .bss           0x20000914        0x0 d:/gcc/bin/../lib/gcc/arm-none-eabi/4.9.3/../../../../arm-none-eabi/lib/armv7-m\libg.a(lib_a-strcmp.o)
 .bss           0x20000914        0x0 d:/gcc/bin/../lib/gcc/arm-none-eabi/4.9.3/../../../../arm-none-eabi/lib/armv7-m\libg.a(lib_a-strlen.o)
 .bss           0x20000914        0x0 d:/gcc/bin/../lib/gcc/arm-none-eabi/4.9.3/../../../../arm-none-eabi/lib/armv7-m\libg.a(lib_a-strnlen.o)
 *(.bss*)
 *(COMMON)
 COMMON         0x20000914       0xb0 cli.o
                0x20000914                argv
                0x2000093c                argc
                0x20000940                buf_len
                0x20000944                buf
 COMMON         0x200009c4       0x24 caps.o
                0x200009c4                moist
                0x200009d0                soil_max
                0x200009dc                soil_min
 COMMON         0x200009e8       0x84 adc.o
                0x200009e8                vrefint
                0x200009ec                ntc_fil
                0x200009fc                ntc_dat
 COMMON         0x20000a6c       0x20 ntc.o
                0x20000a6c                ntc_err
                0x20000a7c                ntc_temp
 COMMON         0x20000a8c      0x103 ble.o
                0x20000a8c                ble_buf_len
                0x20000a90                ble_buf
                0x20000b90                . = ALIGN (0x4)
 *fill*         0x20000b8f        0x1 
                0x20000b90                _ebss = .
                0x20000b90                __bss_end__ = _ebss

._user_heap_stack
                0x20000b90      0x600 load address 0x0800567c
                0x20000b90                . = ALIGN (0x4)
                0x20000b90                PROVIDE (end, .)
                0x20000b90                PROVIDE (_end, .)
                0x20000d90                . = (. + _Min_Heap_Size)
 *fill*         0x20000b90      0x200 
                0x20001190                . = (. + _Min_Stack_Size)
 *fill*         0x20000d90      0x400 
                0x20001190                . = ALIGN (0x4)

/DISCARD/
 libc.a(*)
 libm.a(*)
 libgcc.a(*)

.ARM.attributes
                0x00000000       0x31
 *(.ARM.attributes)
 .ARM.attributes
                0x00000000       0x33 ./core/system_stm32l1xx.o
 .ARM.attributes
                0x00000033       0x33 ./cmath/powten.o
 .ARM.attributes
                0x00000066       0x33 ./cmath/atof.o
 .ARM.attributes
                0x00000099       0x33 ./cmath/dtoa.o
 .ARM.attributes
                0x000000cc       0x33 main.o
 .ARM.attributes
                0x000000ff       0x33 clock.o
 .ARM.attributes
                0x00000132       0x33 power.o
 .ARM.attributes
                0x00000165       0x33 ports.o
 .ARM.attributes
                0x00000198       0x33 ticker.o
 .ARM.attributes
                0x000001cb       0x33 uart2.o
 .ARM.attributes
                0x000001fe       0x33 uart3.o
 .ARM.attributes
                0x00000231       0x33 eeprom.o
 .ARM.attributes
                0x00000264       0x33 printf2.o
 .ARM.attributes
                0x00000297       0x33 printf3.o
 .ARM.attributes
                0x000002ca       0x33 dump.o
 .ARM.attributes
                0x000002fd       0x33 cli.o
 .ARM.attributes
                0x00000330       0x33 caps.o
 .ARM.attributes
                0x00000363       0x33 adc.o
 .ARM.attributes
                0x00000396       0x33 dma.o
 .ARM.attributes
                0x000003c9       0x33 ntc.o
 .ARM.attributes
                0x000003fc       0x33 ble.o
 .ARM.attributes
                0x0000042f       0x21 ./core/startup_stm32l151xc.o
 .ARM.attributes
                0x00000450       0x2d d:/gcc/bin/../lib/gcc/arm-none-eabi/4.9.3/../../../../arm-none-eabi/lib/armv7-m\libm.a(lib_a-s_modf.o)
 .ARM.attributes
                0x0000047d       0x2d d:/gcc/bin/../lib/gcc/arm-none-eabi/4.9.3/../../../../arm-none-eabi/lib/armv7-m\libm.a(lib_a-w_log.o)
 .ARM.attributes
                0x000004aa       0x2d d:/gcc/bin/../lib/gcc/arm-none-eabi/4.9.3/../../../../arm-none-eabi/lib/armv7-m\libm.a(lib_a-e_log.o)
 .ARM.attributes
                0x000004d7       0x2d d:/gcc/bin/../lib/gcc/arm-none-eabi/4.9.3/../../../../arm-none-eabi/lib/armv7-m\libm.a(lib_a-s_fpclassify.o)
 .ARM.attributes
                0x00000504       0x2d d:/gcc/bin/../lib/gcc/arm-none-eabi/4.9.3/../../../../arm-none-eabi/lib/armv7-m\libm.a(lib_a-s_lib_ver.o)
 .ARM.attributes
                0x00000531       0x2d d:/gcc/bin/../lib/gcc/arm-none-eabi/4.9.3/../../../../arm-none-eabi/lib/armv7-m\libm.a(lib_a-s_matherr.o)
 .ARM.attributes
                0x0000055e       0x2d d:/gcc/bin/../lib/gcc/arm-none-eabi/4.9.3/../../../../arm-none-eabi/lib/armv7-m\libm.a(lib_a-s_nan.o)
 .ARM.attributes
                0x0000058b       0x1d d:/gcc/bin/../lib/gcc/arm-none-eabi/4.9.3/armv7-m\libgcc.a(_arm_addsubdf3.o)
 .ARM.attributes
                0x000005a8       0x1d d:/gcc/bin/../lib/gcc/arm-none-eabi/4.9.3/armv7-m\libgcc.a(_arm_muldivdf3.o)
 .ARM.attributes
                0x000005c5       0x1d d:/gcc/bin/../lib/gcc/arm-none-eabi/4.9.3/armv7-m\libgcc.a(_arm_cmpdf2.o)
 .ARM.attributes
                0x000005e2       0x1d d:/gcc/bin/../lib/gcc/arm-none-eabi/4.9.3/armv7-m\libgcc.a(_arm_fixdfsi.o)
 .ARM.attributes
                0x000005ff       0x1d d:/gcc/bin/../lib/gcc/arm-none-eabi/4.9.3/armv7-m\libgcc.a(_arm_truncdfsf2.o)
 .ARM.attributes
                0x0000061c       0x1d d:/gcc/bin/../lib/gcc/arm-none-eabi/4.9.3/armv7-m\libgcc.a(_arm_addsubsf3.o)
 .ARM.attributes
                0x00000639       0x1d d:/gcc/bin/../lib/gcc/arm-none-eabi/4.9.3/armv7-m\libgcc.a(_arm_muldivsf3.o)
 .ARM.attributes
                0x00000656       0x1d d:/gcc/bin/../lib/gcc/arm-none-eabi/4.9.3/armv7-m\libgcc.a(_arm_cmpsf2.o)
 .ARM.attributes
                0x00000673       0x1d d:/gcc/bin/../lib/gcc/arm-none-eabi/4.9.3/armv7-m\libgcc.a(_arm_fixunssfsi.o)
 .ARM.attributes
                0x00000690       0x2d d:/gcc/bin/../lib/gcc/arm-none-eabi/4.9.3/../../../../arm-none-eabi/lib/armv7-m\libg.a(lib_a-ctype_.o)
 .ARM.attributes
                0x000006bd       0x2d d:/gcc/bin/../lib/gcc/arm-none-eabi/4.9.3/../../../../arm-none-eabi/lib/armv7-m\libg.a(lib_a-errno.o)
 .ARM.attributes
                0x000006ea       0x2d d:/gcc/bin/../lib/gcc/arm-none-eabi/4.9.3/../../../../arm-none-eabi/lib/armv7-m\libg.a(lib_a-impure.o)
 .ARM.attributes
                0x00000717       0x2d d:/gcc/bin/../lib/gcc/arm-none-eabi/4.9.3/../../../../arm-none-eabi/lib/armv7-m\libg.a(lib_a-strchr.o)
 .ARM.attributes
                0x00000744       0x1b d:/gcc/bin/../lib/gcc/arm-none-eabi/4.9.3/../../../../arm-none-eabi/lib/armv7-m\libg.a(lib_a-strcmp.o)
 .ARM.attributes
                0x0000075f       0x2d d:/gcc/bin/../lib/gcc/arm-none-eabi/4.9.3/../../../../arm-none-eabi/lib/armv7-m\libg.a(lib_a-strlen.o)
 .ARM.attributes
                0x0000078c       0x2d d:/gcc/bin/../lib/gcc/arm-none-eabi/4.9.3/../../../../arm-none-eabi/lib/armv7-m\libg.a(lib_a-strnlen.o)
OUTPUT(moister.elf elf32-littlearm)

.debug_info     0x00000000     0x7330
 .debug_info    0x00000000      0x41a ./core/system_stm32l1xx.o
 .debug_info    0x0000041a       0x52 ./cmath/powten.o
 .debug_info    0x0000046c      0x140 ./cmath/atof.o
 .debug_info    0x000005ac      0x1b7 ./cmath/dtoa.o
 .debug_info    0x00000763      0x1e4 main.o
 .debug_info    0x00000947      0x24f clock.o
 .debug_info    0x00000b96      0x52f power.o
 .debug_info    0x000010c5      0x609 ports.o
 .debug_info    0x000016ce      0x717 ticker.o
 .debug_info    0x00001de5      0x692 uart2.o
 .debug_info    0x00002477      0x692 uart3.o
 .debug_info    0x00002b09      0x3bf eeprom.o
 .debug_info    0x00002ec8      0x5b5 printf2.o
 .debug_info    0x0000347d      0x50e printf3.o
 .debug_info    0x0000398b      0x292 dump.o
 .debug_info    0x00003c1d      0xcb7 cli.o
 .debug_info    0x000048d4      0xcca caps.o
 .debug_info    0x0000559e      0xad8 adc.o
 .debug_info    0x00006076      0x49d dma.o
 .debug_info    0x00006513      0x55f ntc.o
 .debug_info    0x00006a72      0x8be ble.o

.debug_abbrev   0x00000000     0x235a
 .debug_abbrev  0x00000000      0x101 ./core/system_stm32l1xx.o
 .debug_abbrev  0x00000101       0x45 ./cmath/powten.o
 .debug_abbrev  0x00000146       0xa2 ./cmath/atof.o
 .debug_abbrev  0x000001e8       0xef ./cmath/dtoa.o
 .debug_abbrev  0x000002d7       0xcb main.o
 .debug_abbrev  0x000003a2       0xe9 clock.o
 .debug_abbrev  0x0000048b      0x191 power.o
 .debug_abbrev  0x0000061c      0x1fa ports.o
 .debug_abbrev  0x00000816      0x1c3 ticker.o
 .debug_abbrev  0x000009d9      0x1e5 uart2.o
 .debug_abbrev  0x00000bbe      0x1e5 uart3.o
 .debug_abbrev  0x00000da3      0x186 eeprom.o
 .debug_abbrev  0x00000f29      0x246 printf2.o
 .debug_abbrev  0x0000116f      0x261 printf3.o
 .debug_abbrev  0x000013d0      0x12f dump.o
 .debug_abbrev  0x000014ff      0x2aa cli.o
 .debug_abbrev  0x000017a9      0x330 caps.o
 .debug_abbrev  0x00001ad9      0x324 adc.o
 .debug_abbrev  0x00001dfd      0x149 dma.o
 .debug_abbrev  0x00001f46      0x217 ntc.o
 .debug_abbrev  0x0000215d      0x1fd ble.o

.debug_loc      0x00000000     0x32e7
 .debug_loc     0x00000000      0x14a ./core/system_stm32l1xx.o
 .debug_loc     0x0000014a      0x2f7 ./cmath/atof.o
 .debug_loc     0x00000441      0x58d ./cmath/dtoa.o
 .debug_loc     0x000009ce       0x4d power.o
 .debug_loc     0x00000a1b      0x162 ports.o
 .debug_loc     0x00000b7d       0x68 ticker.o
 .debug_loc     0x00000be5       0xfb uart2.o
 .debug_loc     0x00000ce0       0xfb uart3.o
 .debug_loc     0x00000ddb       0x45 eeprom.o
 .debug_loc     0x00000e20      0x654 printf2.o
 .debug_loc     0x00001474      0x61a printf3.o
 .debug_loc     0x00001a8e      0x1ad dump.o
 .debug_loc     0x00001c3b      0x71b cli.o
 .debug_loc     0x00002356      0x884 caps.o
 .debug_loc     0x00002bda      0x270 adc.o
 .debug_loc     0x00002e4a      0x2ed ntc.o
 .debug_loc     0x00003137      0x1b0 ble.o

.debug_aranges  0x00000000      0x298
 .debug_aranges
                0x00000000       0x20 ./core/system_stm32l1xx.o
 .debug_aranges
                0x00000020       0x18 ./cmath/powten.o
 .debug_aranges
                0x00000038       0x20 ./cmath/atof.o
 .debug_aranges
                0x00000058       0x20 ./cmath/dtoa.o
 .debug_aranges
                0x00000078       0x20 main.o
 .debug_aranges
                0x00000098       0x20 clock.o
 .debug_aranges
                0x000000b8       0x20 power.o
 .debug_aranges
                0x000000d8       0x20 ports.o
 .debug_aranges
                0x000000f8       0x20 ticker.o
 .debug_aranges
                0x00000118       0x20 uart2.o
 .debug_aranges
                0x00000138       0x20 uart3.o
 .debug_aranges
                0x00000158       0x20 eeprom.o
 .debug_aranges
                0x00000178       0x20 printf2.o
 .debug_aranges
                0x00000198       0x20 printf3.o
 .debug_aranges
                0x000001b8       0x20 dump.o
 .debug_aranges
                0x000001d8       0x20 cli.o
 .debug_aranges
                0x000001f8       0x20 caps.o
 .debug_aranges
                0x00000218       0x20 adc.o
 .debug_aranges
                0x00000238       0x20 dma.o
 .debug_aranges
                0x00000258       0x20 ntc.o
 .debug_aranges
                0x00000278       0x20 ble.o

.debug_line     0x00000000     0x1ead
 .debug_line    0x00000000      0x11c ./core/system_stm32l1xx.o
 .debug_line    0x0000011c       0x2f ./cmath/powten.o
 .debug_line    0x0000014b       0xda ./cmath/atof.o
 .debug_line    0x00000225      0x10d ./cmath/dtoa.o
 .debug_line    0x00000332      0x139 main.o
 .debug_line    0x0000046b       0xff clock.o
 .debug_line    0x0000056a      0x162 power.o
 .debug_line    0x000006cc      0x182 ports.o
 .debug_line    0x0000084e      0x12b ticker.o
 .debug_line    0x00000979      0x12a uart2.o
 .debug_line    0x00000aa3      0x12c uart3.o
 .debug_line    0x00000bcf      0x11f eeprom.o
 .debug_line    0x00000cee      0x246 printf2.o
 .debug_line    0x00000f34      0x23b printf3.o
 .debug_line    0x0000116f      0x169 dump.o
 .debug_line    0x000012d8      0x267 cli.o
 .debug_line    0x0000153f      0x25b caps.o
 .debug_line    0x0000179a      0x2b6 adc.o
 .debug_line    0x00001a50       0xfa dma.o
 .debug_line    0x00001b4a      0x15f ntc.o
 .debug_line    0x00001ca9      0x204 ble.o

.debug_str      0x00000000     0x12c1
 .debug_str     0x00000000      0x2b5 ./core/system_stm32l1xx.o
                                0x302 (size before relaxing)
 .debug_str     0x000002b5       0x3e ./cmath/powten.o
                                0x110 (size before relaxing)
 .debug_str     0x000002f3       0x24 ./cmath/atof.o
                                0x1b9 (size before relaxing)
 .debug_str     0x00000317       0x47 ./cmath/dtoa.o
                                0x1e3 (size before relaxing)
 .debug_str     0x0000035e       0x82 main.o
                                0x254 (size before relaxing)
 .debug_str     0x000003e0       0x54 clock.o
                                0x28c (size before relaxing)
 .debug_str     0x00000434      0x137 power.o
                                0x3b1 (size before relaxing)
 .debug_str     0x0000056b      0x107 ports.o
                                0x39c (size before relaxing)
 .debug_str     0x00000672      0x477 ticker.o
                                0x700 (size before relaxing)
 .debug_str     0x00000ae9       0x99 uart2.o
                                0x6a2 (size before relaxing)
 .debug_str     0x00000b82       0x61 uart3.o
                                0x6a2 (size before relaxing)
 .debug_str     0x00000be3       0xb8 eeprom.o
                                0x2ae (size before relaxing)
 .debug_str     0x00000c9b       0xab printf2.o
                                0x291 (size before relaxing)
 .debug_str     0x00000d46       0x13 printf3.o
                                0x270 (size before relaxing)
 .debug_str     0x00000d59       0x39 dump.o
                                0x238 (size before relaxing)
 .debug_str     0x00000d92       0xfe cli.o
                                0x334 (size before relaxing)
 .debug_str     0x00000e90      0x13b caps.o
                                0x430 (size before relaxing)
 .debug_str     0x00000fcb      0x19d adc.o
                                0x467 (size before relaxing)
 .debug_str     0x00001168       0x64 dma.o
                                0x33a (size before relaxing)
 .debug_str     0x000011cc       0x69 ntc.o
                                0x2ba (size before relaxing)
 .debug_str     0x00001235       0x8c ble.o
                                0x3aa (size before relaxing)

.comment        0x00000000       0x70
 .comment       0x00000000       0x70 ./core/system_stm32l1xx.o
                                 0x71 (size before relaxing)
 .comment       0x00000000       0x71 ./cmath/powten.o
 .comment       0x00000000       0x71 ./cmath/atof.o
 .comment       0x00000000       0x71 ./cmath/dtoa.o
 .comment       0x00000000       0x71 main.o
 .comment       0x00000000       0x71 clock.o
 .comment       0x00000000       0x71 power.o
 .comment       0x00000000       0x71 ports.o
 .comment       0x00000000       0x71 ticker.o
 .comment       0x00000000       0x71 uart2.o
 .comment       0x00000000       0x71 uart3.o
 .comment       0x00000000       0x71 eeprom.o
 .comment       0x00000000       0x71 printf2.o
 .comment       0x00000000       0x71 printf3.o
 .comment       0x00000000       0x71 dump.o
 .comment       0x00000000       0x71 cli.o
 .comment       0x00000000       0x71 caps.o
 .comment       0x00000000       0x71 adc.o
 .comment       0x00000000       0x71 dma.o
 .comment       0x00000000       0x71 ntc.o
 .comment       0x00000000       0x71 ble.o

.debug_frame    0x00000000     0x10dc
 .debug_frame   0x00000000       0x48 ./core/system_stm32l1xx.o
 .debug_frame   0x00000048       0x40 ./cmath/atof.o
 .debug_frame   0x00000088       0x40 ./cmath/dtoa.o
 .debug_frame   0x000000c8       0x28 main.o
 .debug_frame   0x000000f0       0x60 clock.o
 .debug_frame   0x00000150       0xc4 power.o
 .debug_frame   0x00000214      0x118 ports.o
 .debug_frame   0x0000032c       0x6c ticker.o
 .debug_frame   0x00000398       0xa4 uart2.o
 .debug_frame   0x0000043c       0xa4 uart3.o
 .debug_frame   0x000004e0       0x8c eeprom.o
 .debug_frame   0x0000056c       0xd4 printf2.o
 .debug_frame   0x00000640       0xa4 printf3.o
 .debug_frame   0x000006e4       0x40 dump.o
 .debug_frame   0x00000724      0x134 cli.o
 .debug_frame   0x00000858      0x208 caps.o
 .debug_frame   0x00000a60      0x174 adc.o
 .debug_frame   0x00000bd4       0x6c dma.o
 .debug_frame   0x00000c40      0x148 ntc.o
 .debug_frame   0x00000d88      0x15c ble.o
 .debug_frame   0x00000ee4       0x34 d:/gcc/bin/../lib/gcc/arm-none-eabi/4.9.3/../../../../arm-none-eabi/lib/armv7-m\libm.a(lib_a-s_modf.o)
 .debug_frame   0x00000f18       0x40 d:/gcc/bin/../lib/gcc/arm-none-eabi/4.9.3/../../../../arm-none-eabi/lib/armv7-m\libm.a(lib_a-w_log.o)
 .debug_frame   0x00000f58       0x54 d:/gcc/bin/../lib/gcc/arm-none-eabi/4.9.3/../../../../arm-none-eabi/lib/armv7-m\libm.a(lib_a-e_log.o)
 .debug_frame   0x00000fac       0x34 d:/gcc/bin/../lib/gcc/arm-none-eabi/4.9.3/../../../../arm-none-eabi/lib/armv7-m\libm.a(lib_a-s_fpclassify.o)
 .debug_frame   0x00000fe0       0x20 d:/gcc/bin/../lib/gcc/arm-none-eabi/4.9.3/../../../../arm-none-eabi/lib/armv7-m\libm.a(lib_a-s_matherr.o)
 .debug_frame   0x00001000       0x20 d:/gcc/bin/../lib/gcc/arm-none-eabi/4.9.3/../../../../arm-none-eabi/lib/armv7-m\libm.a(lib_a-s_nan.o)
 .debug_frame   0x00001020       0x20 d:/gcc/bin/../lib/gcc/arm-none-eabi/4.9.3/../../../../arm-none-eabi/lib/armv7-m\libg.a(lib_a-errno.o)
 .debug_frame   0x00001040       0x4c d:/gcc/bin/../lib/gcc/arm-none-eabi/4.9.3/../../../../arm-none-eabi/lib/armv7-m\libg.a(lib_a-strchr.o)
 .debug_frame   0x0000108c       0x20 d:/gcc/bin/../lib/gcc/arm-none-eabi/4.9.3/../../../../arm-none-eabi/lib/armv7-m\libg.a(lib_a-strlen.o)
 .debug_frame   0x000010ac       0x30 d:/gcc/bin/../lib/gcc/arm-none-eabi/4.9.3/../../../../arm-none-eabi/lib/armv7-m\libg.a(lib_a-strnlen.o)

.debug_ranges   0x00000000      0x3f8
 .debug_ranges  0x00000000       0x10 main.o
 .debug_ranges  0x00000010       0x38 ticker.o
 .debug_ranges  0x00000048       0x38 uart2.o
 .debug_ranges  0x00000080       0x38 uart3.o
 .debug_ranges  0x000000b8       0x38 eeprom.o
 .debug_ranges  0x000000f0       0x18 printf2.o
 .debug_ranges  0x00000108       0x18 printf3.o
 .debug_ranges  0x00000120       0x28 dump.o
 .debug_ranges  0x00000148       0xc8 cli.o
 .debug_ranges  0x00000210      0x1b0 caps.o
 .debug_ranges  0x000003c0       0x38 adc.o
