Archive member included because of file (symbol)

d:/gcc/bin/../lib/gcc/arm-none-eabi/4.9.3/../../../../arm-none-eabi/lib/armv6-m\libm.a(lib_a-s_modf.o)
                              ./cmath/dtoa.o (modf)
d:/gcc/bin/../lib/gcc/arm-none-eabi/4.9.3/armv6-m\libgcc.a(_udivsi3.o)
                              system_stm32f0xx.o (__aeabi_uidiv)
d:/gcc/bin/../lib/gcc/arm-none-eabi/4.9.3/armv6-m\libgcc.a(_divsi3.o)
                              ticker.o (__aeabi_idiv)
d:/gcc/bin/../lib/gcc/arm-none-eabi/4.9.3/armv6-m\libgcc.a(_dvmd_tls.o)
                              d:/gcc/bin/../lib/gcc/arm-none-eabi/4.9.3/armv6-m\libgcc.a(_udivsi3.o) (__aeabi_idiv0)
d:/gcc/bin/../lib/gcc/arm-none-eabi/4.9.3/armv6-m\libgcc.a(_arm_cmpdf2.o)
                              ./cmath/dtoa.o (__aeabi_dcmpeq)
d:/gcc/bin/../lib/gcc/arm-none-eabi/4.9.3/armv6-m\libgcc.a(_arm_cmpsf2.o)
                              rtd.o (__aeabi_fcmplt)
d:/gcc/bin/../lib/gcc/arm-none-eabi/4.9.3/armv6-m\libgcc.a(_fixunssfsi.o)
                              rtd.o (__aeabi_f2uiz)
d:/gcc/bin/../lib/gcc/arm-none-eabi/4.9.3/armv6-m\libgcc.a(addsf3.o)
                              rtd.o (__aeabi_fadd)
d:/gcc/bin/../lib/gcc/arm-none-eabi/4.9.3/armv6-m\libgcc.a(divsf3.o)
                              rtd.o (__aeabi_fdiv)
d:/gcc/bin/../lib/gcc/arm-none-eabi/4.9.3/armv6-m\libgcc.a(eqsf2.o)
                              d:/gcc/bin/../lib/gcc/arm-none-eabi/4.9.3/armv6-m\libgcc.a(_arm_cmpsf2.o) (__eqsf2)
d:/gcc/bin/../lib/gcc/arm-none-eabi/4.9.3/armv6-m\libgcc.a(gesf2.o)
                              d:/gcc/bin/../lib/gcc/arm-none-eabi/4.9.3/armv6-m\libgcc.a(_arm_cmpsf2.o) (__gesf2)
d:/gcc/bin/../lib/gcc/arm-none-eabi/4.9.3/armv6-m\libgcc.a(lesf2.o)
                              d:/gcc/bin/../lib/gcc/arm-none-eabi/4.9.3/armv6-m\libgcc.a(_arm_cmpsf2.o) (__lesf2)
d:/gcc/bin/../lib/gcc/arm-none-eabi/4.9.3/armv6-m\libgcc.a(mulsf3.o)
                              rtd.o (__aeabi_fmul)
d:/gcc/bin/../lib/gcc/arm-none-eabi/4.9.3/armv6-m\libgcc.a(subsf3.o)
                              rtd.o (__aeabi_fsub)
d:/gcc/bin/../lib/gcc/arm-none-eabi/4.9.3/armv6-m\libgcc.a(fixsfsi.o)
                              pid.o (__aeabi_f2iz)
d:/gcc/bin/../lib/gcc/arm-none-eabi/4.9.3/armv6-m\libgcc.a(floatsisf.o)
                              rtd.o (__aeabi_i2f)
d:/gcc/bin/../lib/gcc/arm-none-eabi/4.9.3/armv6-m\libgcc.a(floatunsisf.o)
                              rtd.o (__aeabi_ui2f)
d:/gcc/bin/../lib/gcc/arm-none-eabi/4.9.3/armv6-m\libgcc.a(adddf3.o)
                              ./cmath/atof.o (__aeabi_dadd)
d:/gcc/bin/../lib/gcc/arm-none-eabi/4.9.3/armv6-m\libgcc.a(divdf3.o)
                              ./cmath/dtoa.o (__aeabi_ddiv)
d:/gcc/bin/../lib/gcc/arm-none-eabi/4.9.3/armv6-m\libgcc.a(eqdf2.o)
                              d:/gcc/bin/../lib/gcc/arm-none-eabi/4.9.3/armv6-m\libgcc.a(_arm_cmpdf2.o) (__eqdf2)
d:/gcc/bin/../lib/gcc/arm-none-eabi/4.9.3/armv6-m\libgcc.a(gedf2.o)
                              d:/gcc/bin/../lib/gcc/arm-none-eabi/4.9.3/armv6-m\libgcc.a(_arm_cmpdf2.o) (__gedf2)
d:/gcc/bin/../lib/gcc/arm-none-eabi/4.9.3/armv6-m\libgcc.a(ledf2.o)
                              d:/gcc/bin/../lib/gcc/arm-none-eabi/4.9.3/armv6-m\libgcc.a(_arm_cmpdf2.o) (__ledf2)
d:/gcc/bin/../lib/gcc/arm-none-eabi/4.9.3/armv6-m\libgcc.a(muldf3.o)
                              ./cmath/atof.o (__aeabi_dmul)
d:/gcc/bin/../lib/gcc/arm-none-eabi/4.9.3/armv6-m\libgcc.a(subdf3.o)
                              ./cmath/dtoa.o (__aeabi_dsub)
d:/gcc/bin/../lib/gcc/arm-none-eabi/4.9.3/armv6-m\libgcc.a(fixdfsi.o)
                              ./cmath/dtoa.o (__aeabi_d2iz)
d:/gcc/bin/../lib/gcc/arm-none-eabi/4.9.3/armv6-m\libgcc.a(floatsidf.o)
                              ./cmath/atof.o (__aeabi_i2d)
d:/gcc/bin/../lib/gcc/arm-none-eabi/4.9.3/armv6-m\libgcc.a(_clzsi2.o)
                              d:/gcc/bin/../lib/gcc/arm-none-eabi/4.9.3/armv6-m\libgcc.a(addsf3.o) (__clzsi2)
d:/gcc/bin/../lib/gcc/arm-none-eabi/4.9.3/../../../../arm-none-eabi/lib/armv6-m\libg.a(lib_a-ctype_.o)
                              cli.o (__ctype_ptr__)
d:/gcc/bin/../lib/gcc/arm-none-eabi/4.9.3/../../../../arm-none-eabi/lib/armv6-m\libg.a(lib_a-isprint.o)
                              dump.o (isprint)
d:/gcc/bin/../lib/gcc/arm-none-eabi/4.9.3/../../../../arm-none-eabi/lib/armv6-m\libg.a(lib_a-strchr.o)
                              cli.o (strchr)
d:/gcc/bin/../lib/gcc/arm-none-eabi/4.9.3/../../../../arm-none-eabi/lib/armv6-m\libg.a(lib_a-strcmp.o)
                              cli.o (strcmp)
d:/gcc/bin/../lib/gcc/arm-none-eabi/4.9.3/../../../../arm-none-eabi/lib/armv6-m\libg.a(lib_a-strlen.o)
                              printf.o (strlen)
d:/gcc/bin/../lib/gcc/arm-none-eabi/4.9.3/../../../../arm-none-eabi/lib/armv6-m\libg.a(lib_a-strnlen.o)
                              printf.o (strnlen)

Allocating common symbols
Common symbol       size              file

t_target            0x4               pid.o
random              0x4               sunweb-slave.o
sine_tab            0x80              pwm.o
argv                0x28              cli.o
rx_cnt              0x1               sunweb-slave.o
probed              0x1               sunweb-slave.o
pid_log             0x1               pid.o
adc_avg             0xc               rtd.o
argc                0x4               cli.o
t_actual            0x4               pid.o
plen                0x4               sunweb-slave.o
rtc_time            0x1c              rtc.o
t_error             0x4               pid.o
rx_buf              0x10              sunweb-slave.o
adc_old             0xc               rtd.o
pcnt                0x1               sunweb-slave.o
buf_len             0x1               cli.o
tx_buf              0x10              sunweb-slave.o
buf                 0x80              cli.o
pbuf                0x10              sunweb-slave.o
pid_active          0x1               pid.o
adc_raw             0xc               rtd.o
dev_id              0x1               sunweb-slave.o

Memory Configuration

Name             Origin             Length             Attributes
FLASH            0x08000000         0x00007c00         xr
FLASH_USER       0x08007c00         0x00000400         xr
RAM              0x20000000         0x00001800         xrw
*default*        0x00000000         0xffffffff

Linker script and memory map

LOAD system_stm32f0xx.o
LOAD main.o
LOAD power.o
LOAD clock.o
LOAD ports.o
LOAD ticker.o
LOAD rtc.o
LOAD i2c.o
LOAD flash.o
LOAD uart1.o
LOAD uart2.o
LOAD printf.o
LOAD printf2.o
LOAD ./cmath/powten.o
LOAD ./cmath/atof.o
LOAD ./cmath/dtoa.o
LOAD cli.o
LOAD pwm.o
LOAD sunweb-slave.o
LOAD dump.o
LOAD mcp3421.o
LOAD rtd.o
LOAD pid.o
LOAD C:\Users\Rene\AppData\Local\Temp\ccsmOLCO.o
LOAD d:/gcc/bin/../lib/gcc/arm-none-eabi/4.9.3/../../../../arm-none-eabi/lib/armv6-m\libm.a
START GROUP
LOAD d:/gcc/bin/../lib/gcc/arm-none-eabi/4.9.3/armv6-m\libgcc.a
LOAD d:/gcc/bin/../lib/gcc/arm-none-eabi/4.9.3/../../../../arm-none-eabi/lib/armv6-m\libg.a
LOAD d:/gcc/bin/../lib/gcc/arm-none-eabi/4.9.3/../../../../arm-none-eabi/lib/armv6-m\libc.a
END GROUP
                0x20001800                _estack = 0x20001800
                0x00000200                _Min_Heap_Size = 0x200
                0x00000400                _Min_Stack_Size = 0x400

.isr_vector     0x08000000       0xc0
                0x08000000                . = ALIGN (0x4)
 *(.isr_vector)
 .isr_vector    0x08000000       0xc0 C:\Users\Rene\AppData\Local\Temp\ccsmOLCO.o
                0x08000000                g_pfnVectors
                0x080000c0                . = ALIGN (0x4)

.text           0x080000c0     0x6610
                0x080000c0                . = ALIGN (0x4)
 *(.text)
 .text          0x080000c0       0xd0 system_stm32f0xx.o
                0x080000c0                SystemInit
                0x08000120                SystemCoreClockUpdate
 .text          0x08000190        0x0 main.o
 .text          0x08000190       0x10 power.o
                0x08000190                init_power
 .text          0x080001a0       0xf8 clock.o
                0x080001a0                init_clock
                0x080001e4                rcc_set_systemclock
                0x080001f8                rcc_start_lsi
                0x08000210                rcc_stop_lsi
                0x08000220                rcc_start_hsi
                0x08000238                rcc_stop_hsi
                0x08000248                rcc_start_hse
                0x08000264                rcc_start_pll
                0x08000280                rcc_stop_pll
 .text          0x08000298      0x1d0 ports.o
                0x08000358                init_ports
                0x08000398                led_grn_on
                0x080003a8                led_grn_off
                0x080003b8                led_grn_toggle
                0x080003d8                led_grn_flash
                0x080003f4                led_red_on
                0x08000404                led_red_off
                0x08000414                led_red_toggle
                0x08000430                led_red_flash
                0x0800044c                rs485_dir
 .text          0x08000468      0x220 ticker.o
                0x08000468                TIM1_BRK_UP_TRG_COM_IRQHandler
                0x080004c0                init_ticker
                0x080005b8                usleep
                0x080005d0                msleep
                0x08000600                pwm_set
 .text          0x08000688      0x3d4 rtc.o
                0x08000688                rtc_update_time
                0x080006f0                rtc_convert_time
                0x08000714                rtc_dump_time
                0x0800073c                rtc_enter_initmode
                0x08000770                rtc_leave_initmode
                0x080007a4                init_rtc
                0x0800081c                rtc_set_time
                0x080008d8                rtc_set_time_bcd
                0x0800093c                rtc_dump_registers
 .text          0x08000a5c      0x158 i2c.o
                0x08000a5c                init_i2c
                0x08000a94                init_i2c1
                0x08000ac4                i2c1_write
                0x08000b00                i2c1_read
                0x08000b40                i2c1_dump_registers
 .text          0x08000bb4      0x38c flash.o
                0x08000bb4                flash_read_rtderr
                0x08000bd0                flash_dump_rtderr
                0x08000c2c                flash_write
                0x08000c84                flash_erase_page
                0x08000ce0                init_flash
                0x08000d1c                flash_write_rtderr
                0x08000d68                flash_id_read
                0x08000d84                flash_unlock
                0x08000dac                flash_ob_unlock
                0x08000de4                flash_ob_write
                0x08000e2c                flash_ob_erase
                0x08000e64                flash_id_write
                0x08000e9c                flash_dump_optionbytes
                0x08000ecc                flash_get_uidseed
                0x08000eec                flash_dump_registers
 .text          0x08000f40      0x16c uart1.o
                0x08000f40                USART1_IRQHandler
                0x08000fa4                uart1_putc
                0x08000fd0                uart1_flush
                0x08000fe4                uart1_puts
                0x08001038                uart1_getc
                0x0800106c                init_uart1
 .text          0x080010ac      0x134 uart2.o
                0x080010ac                USART2_IRQHandler
                0x08001110                uart2_putc
                0x0800114c                uart2_flush
                0x08001160                uart2_puts
                0x0800117c                uart2_getc
                0x080011a0                init_uart2
 .text          0x080011e0      0x37c printf.o
                0x080014cc                printf
                0x080014fc                debug
                0x08001538                putchar
                0x08001544                puts
                0x08001554                getchar
 .text          0x0800155c      0x358 printf2.o
                0x0800155c                vsprintf2
                0x08001848                printf2
                0x08001878                debug2
 .text          0x080018b4        0x0 ./cmath/powten.o
 *fill*         0x080018b4        0x4 
 .text          0x080018b8      0x188 ./cmath/atof.o
                0x080018b8                atof
 .text          0x08001a40      0x204 ./cmath/dtoa.o
                0x08001a40                dtoa
 .text          0x08001c44      0x900 cli.o
                0x08001c44                prompt
                0x08001c54                first_prompt
                0x08001c64                rb_atoi
                0x08001cac                rb_atol
                0x08001cf4                rb_atoh
                0x08001d34                skipws
                0x08001d44                split_line
                0x08001d9c                version
                0x08001dac                help
                0x080024a0                parse_line
                0x080024ac                poll_cli
 .text          0x08002544      0x1a4 pwm.o
                0x08002544                pwm_leds
                0x08002574                pwm_heater
                0x080025a4                pwm_fan
                0x080025d4                init_pwm
                0x080025fc                pwm_dump_leds
                0x08002624                pwm_dump_heater
                0x0800264c                pwm_dump_fan
                0x08002674                pwm_state
                0x08002694                pwm_leds_tick
                0x080026b0                pwm_init_table
                0x080026c4                pwm_dump_table
 .text          0x080026e8      0x4b0 sunweb-slave.o
                0x080026e8                init_sunweb
                0x0800271c                poll_bus
                0x08002888                sw_handle_broadcast
                0x080028dc                sw_handle_command
                0x08002958                sw_txpack
                0x08002994                sw_txsend
                0x08002a68                sw_handle_probe
                0x08002a7c                sw_parse_rxpacket
                0x08002ae8                sw_txdump
                0x08002b04                sw_rxdump
                0x08002b20                sw_rxcheck
                0x08002b7c                xorshift32
 .text          0x08002b98      0x16c dump.o
                0x08002b98                dump_ascii
 .text          0x08002d04       0x4c mcp3421.o
                0x08002d04                init_mcp3421
                0x08002d34                mcp3421_read
 .text          0x08002d50      0x420 rtd.o
                0x08002d50                init_rtd
                0x08002d60                pt_get_temp
                0x08002d74                rtd_to_oC
                0x08002e04                adc_to_oC
                0x08002f0c                pt_get
                0x08002f64                pt_update
                0x08002f8c                oC_to_rtd
                0x08002fcc                polynomial
                0x08002ff8                pt_dump
                0x0800309c                pt_dump_raw
                0x080030b8                pt_dump_avg
                0x080030d4                pt_get_error
                0x080030e4                pt_set_error
                0x080030fc                pt_dump_error
                0x08003158                rtd_start_log
                0x08003164                rtd_stop_log
 .text          0x08003170      0x36c pid.o
                0x08003170                init_pid
                0x08003194                pid_start
                0x080031b8                pid_stop
                0x080031d4                pid_start_log
                0x080031e0                pid_stop_log
                0x080031ec                pid_update
                0x08003400                pid_set_temp
                0x08003424                pid_dump_temp
                0x080034c4                pid_set_kp
                0x080034d0                pid_set_ki
 .text          0x080034dc       0x14 C:\Users\Rene\AppData\Local\Temp\ccsmOLCO.o
 .text          0x080034f0        0x0 d:/gcc/bin/../lib/gcc/arm-none-eabi/4.9.3/../../../../arm-none-eabi/lib/armv6-m\libm.a(lib_a-s_modf.o)
 .text          0x080034f0      0x120 d:/gcc/bin/../lib/gcc/arm-none-eabi/4.9.3/armv6-m\libgcc.a(_udivsi3.o)
                0x080034f0                __aeabi_uidiv
                0x080034f0                __udivsi3
                0x080035fc                __aeabi_uidivmod
 .text          0x08003610      0x1e0 d:/gcc/bin/../lib/gcc/arm-none-eabi/4.9.3/armv6-m\libgcc.a(_divsi3.o)
                0x08003610                __divsi3
                0x08003610                __aeabi_idiv
                0x080037dc                __aeabi_idivmod
 .text          0x080037f0        0x4 d:/gcc/bin/../lib/gcc/arm-none-eabi/4.9.3/armv6-m\libgcc.a(_dvmd_tls.o)
                0x080037f0                __aeabi_idiv0
                0x080037f0                __aeabi_ldiv0
 .text          0x080037f4       0x7c d:/gcc/bin/../lib/gcc/arm-none-eabi/4.9.3/armv6-m\libgcc.a(_arm_cmpdf2.o)
                0x080037f4                __aeabi_cdrcmple
                0x08003804                __aeabi_cdcmple
                0x08003804                __aeabi_cdcmpeq
                0x08003814                __aeabi_dcmpeq
                0x08003820                __aeabi_dcmplt
                0x08003834                __aeabi_dcmple
                0x08003848                __aeabi_dcmpgt
                0x0800385c                __aeabi_dcmpge
 .text          0x08003870       0x74 d:/gcc/bin/../lib/gcc/arm-none-eabi/4.9.3/armv6-m\libgcc.a(_arm_cmpsf2.o)
                0x08003870                __aeabi_cfrcmple
                0x08003878                __aeabi_cfcmpeq
                0x08003878                __aeabi_cfcmple
                0x08003888                __aeabi_fcmpeq
                0x08003894                __aeabi_fcmplt
                0x080038a8                __aeabi_fcmple
                0x080038bc                __aeabi_fcmpgt
                0x080038d0                __aeabi_fcmpge
 .text          0x080038e4       0x30 d:/gcc/bin/../lib/gcc/arm-none-eabi/4.9.3/armv6-m\libgcc.a(_fixunssfsi.o)
                0x080038e4                __fixunssfsi
                0x080038e4                __aeabi_f2uiz
 .text          0x08003914      0x2f8 d:/gcc/bin/../lib/gcc/arm-none-eabi/4.9.3/armv6-m\libgcc.a(addsf3.o)
                0x08003914                __aeabi_fadd
 .text          0x08003c0c      0x270 d:/gcc/bin/../lib/gcc/arm-none-eabi/4.9.3/armv6-m\libgcc.a(divsf3.o)
                0x08003c0c                __aeabi_fdiv
 .text          0x08003e7c       0x54 d:/gcc/bin/../lib/gcc/arm-none-eabi/4.9.3/armv6-m\libgcc.a(eqsf2.o)
                0x08003e7c                __eqsf2
                0x08003e7c                __nesf2
 .text          0x08003ed0       0x94 d:/gcc/bin/../lib/gcc/arm-none-eabi/4.9.3/armv6-m\libgcc.a(gesf2.o)
                0x08003ed0                __gesf2
                0x08003ed0                __gtsf2
 .text          0x08003f64       0x8c d:/gcc/bin/../lib/gcc/arm-none-eabi/4.9.3/armv6-m\libgcc.a(lesf2.o)
                0x08003f64                __ltsf2
                0x08003f64                __lesf2
 .text          0x08003ff0      0x264 d:/gcc/bin/../lib/gcc/arm-none-eabi/4.9.3/armv6-m\libgcc.a(mulsf3.o)
                0x08003ff0                __aeabi_fmul
 .text          0x08004254      0x2fc d:/gcc/bin/../lib/gcc/arm-none-eabi/4.9.3/armv6-m\libgcc.a(subsf3.o)
                0x08004254                __aeabi_fsub
 .text          0x08004550       0x40 d:/gcc/bin/../lib/gcc/arm-none-eabi/4.9.3/armv6-m\libgcc.a(fixsfsi.o)
                0x08004550                __aeabi_f2iz
 .text          0x08004590       0x90 d:/gcc/bin/../lib/gcc/arm-none-eabi/4.9.3/armv6-m\libgcc.a(floatsisf.o)
                0x08004590                __aeabi_i2f
 .text          0x08004620       0x90 d:/gcc/bin/../lib/gcc/arm-none-eabi/4.9.3/armv6-m\libgcc.a(floatunsisf.o)
                0x08004620                __aeabi_ui2f
 .text          0x080046b0      0x650 d:/gcc/bin/../lib/gcc/arm-none-eabi/4.9.3/armv6-m\libgcc.a(adddf3.o)
                0x080046b0                __aeabi_dadd
 .text          0x08004d00      0x648 d:/gcc/bin/../lib/gcc/arm-none-eabi/4.9.3/armv6-m\libgcc.a(divdf3.o)
                0x08004d00                __aeabi_ddiv
 .text          0x08005348       0x88 d:/gcc/bin/../lib/gcc/arm-none-eabi/4.9.3/armv6-m\libgcc.a(eqdf2.o)
                0x08005348                __nedf2
                0x08005348                __eqdf2
 .text          0x080053d0       0xe0 d:/gcc/bin/../lib/gcc/arm-none-eabi/4.9.3/armv6-m\libgcc.a(gedf2.o)
                0x080053d0                __gedf2
                0x080053d0                __gtdf2
 .text          0x080054b0       0xcc d:/gcc/bin/../lib/gcc/arm-none-eabi/4.9.3/armv6-m\libgcc.a(ledf2.o)
                0x080054b0                __ledf2
                0x080054b0                __ltdf2
 .text          0x0800557c      0x534 d:/gcc/bin/../lib/gcc/arm-none-eabi/4.9.3/armv6-m\libgcc.a(muldf3.o)
                0x0800557c                __aeabi_dmul
 .text          0x08005ab0      0x6f4 d:/gcc/bin/../lib/gcc/arm-none-eabi/4.9.3/armv6-m\libgcc.a(subdf3.o)
                0x08005ab0                __aeabi_dsub
 .text          0x080061a4       0x6c d:/gcc/bin/../lib/gcc/arm-none-eabi/4.9.3/armv6-m\libgcc.a(fixdfsi.o)
                0x080061a4                __aeabi_d2iz
 .text          0x08006210       0x78 d:/gcc/bin/../lib/gcc/arm-none-eabi/4.9.3/armv6-m\libgcc.a(floatsidf.o)
                0x08006210                __aeabi_i2d
 .text          0x08006288       0x3c d:/gcc/bin/../lib/gcc/arm-none-eabi/4.9.3/armv6-m\libgcc.a(_clzsi2.o)
                0x08006288                __clzsi2
 .text          0x080062c4        0x0 d:/gcc/bin/../lib/gcc/arm-none-eabi/4.9.3/../../../../arm-none-eabi/lib/armv6-m\libg.a(lib_a-ctype_.o)
 .text          0x080062c4        0x0 d:/gcc/bin/../lib/gcc/arm-none-eabi/4.9.3/../../../../arm-none-eabi/lib/armv6-m\libg.a(lib_a-isprint.o)
 .text          0x080062c4        0x0 d:/gcc/bin/../lib/gcc/arm-none-eabi/4.9.3/../../../../arm-none-eabi/lib/armv6-m\libg.a(lib_a-strchr.o)
 .text          0x080062c4       0x88 d:/gcc/bin/../lib/gcc/arm-none-eabi/4.9.3/../../../../arm-none-eabi/lib/armv6-m\libg.a(lib_a-strcmp.o)
                0x080062c4                strcmp
 .text          0x0800634c        0x0 d:/gcc/bin/../lib/gcc/arm-none-eabi/4.9.3/../../../../arm-none-eabi/lib/armv6-m\libg.a(lib_a-strlen.o)
 .text          0x0800634c        0x0 d:/gcc/bin/../lib/gcc/arm-none-eabi/4.9.3/../../../../arm-none-eabi/lib/armv6-m\libg.a(lib_a-strnlen.o)
 *(.text*)
 .text.startup  0x0800634c       0xc4 main.o
                0x0800634c                main
 .text.Reset_Handler
                0x08006410       0x7c C:\Users\Rene\AppData\Local\Temp\ccsmOLCO.o
                0x08006410                Reset_Handler
 .text.Default_Handler
                0x0800648c        0x2 C:\Users\Rene\AppData\Local\Temp\ccsmOLCO.o
                0x0800648c                TIM1_CC_IRQHandler
                0x0800648c                TSC_IRQHandler
                0x0800648c                HardFault_Handler
                0x0800648c                SysTick_Handler
                0x0800648c                PendSV_Handler
                0x0800648c                NMI_Handler
                0x0800648c                I2C1_IRQHandler
                0x0800648c                RCC_CRS_IRQHandler
                0x0800648c                SPI1_IRQHandler
                0x0800648c                EXTI2_3_IRQHandler
                0x0800648c                ADC1_IRQHandler
                0x0800648c                TIM17_IRQHandler
                0x0800648c                CEC_CAN_IRQHandler
                0x0800648c                RTC_IRQHandler
                0x0800648c                PVD_VDDIO2_IRQHandler
                0x0800648c                TIM16_IRQHandler
                0x0800648c                TIM3_IRQHandler
                0x0800648c                EXTI4_15_IRQHandler
                0x0800648c                DMA1_Channel1_IRQHandler
                0x0800648c                Default_Handler
                0x0800648c                TIM14_IRQHandler
                0x0800648c                DMA1_Channel4_5_IRQHandler
                0x0800648c                EXTI0_1_IRQHandler
                0x0800648c                USB_IRQHandler
                0x0800648c                SPI2_IRQHandler
                0x0800648c                SVC_Handler
                0x0800648c                WWDG_IRQHandler
                0x0800648c                TIM2_IRQHandler
                0x0800648c                DMA1_Channel2_3_IRQHandler
                0x0800648c                FLASH_IRQHandler
 *fill*         0x0800648e        0x2 
 .text.modf     0x08006490       0x80 d:/gcc/bin/../lib/gcc/arm-none-eabi/4.9.3/../../../../arm-none-eabi/lib/armv6-m\libm.a(lib_a-s_modf.o)
                0x08006490                modf
 .text.isgraph  0x08006510       0x14 d:/gcc/bin/../lib/gcc/arm-none-eabi/4.9.3/../../../../arm-none-eabi/lib/armv6-m\libg.a(lib_a-isprint.o)
                0x08006510                isgraph
 .text.isprint  0x08006524       0x14 d:/gcc/bin/../lib/gcc/arm-none-eabi/4.9.3/../../../../arm-none-eabi/lib/armv6-m\libg.a(lib_a-isprint.o)
                0x08006524                isprint
 .text.strchr   0x08006538       0xd8 d:/gcc/bin/../lib/gcc/arm-none-eabi/4.9.3/../../../../arm-none-eabi/lib/armv6-m\libg.a(lib_a-strchr.o)
                0x08006538                strchr
 .text.strlen   0x08006610       0x68 d:/gcc/bin/../lib/gcc/arm-none-eabi/4.9.3/../../../../arm-none-eabi/lib/armv6-m\libg.a(lib_a-strlen.o)
                0x08006610                strlen
 .text.strnlen  0x08006678       0x30 d:/gcc/bin/../lib/gcc/arm-none-eabi/4.9.3/../../../../arm-none-eabi/lib/armv6-m\libg.a(lib_a-strnlen.o)
                0x08006678                strnlen
 *(.glue_7)
 .glue_7        0x00000000        0x0 linker stubs
 *(.glue_7t)
 .glue_7t       0x00000000        0x0 linker stubs
 *(.eh_frame)
 .eh_frame      0x080066a8       0x28 d:/gcc/bin/../lib/gcc/arm-none-eabi/4.9.3/../../../../arm-none-eabi/lib/armv6-m\libg.a(lib_a-strcmp.o)
 *(.init)
 *(.fini)
                0x080066d0                . = ALIGN (0x4)
                0x080066d0                _etext = .

.vfp11_veneer   0x080066d0        0x0
 .vfp11_veneer  0x00000000        0x0 linker stubs

.v4_bx          0x080066d0        0x0
 .v4_bx         0x00000000        0x0 linker stubs

.iplt           0x080066d0        0x0
 .iplt          0x00000000        0x0 system_stm32f0xx.o

.rodata         0x080066d0     0x11c0
                0x080066d0                . = ALIGN (0x4)
 *(.rodata)
 .rodata        0x080066d0       0x18 system_stm32f0xx.o
                0x080066d0                AHBPrescTable
                0x080066e0                APBPrescTable
 .rodata        0x080066e8       0x60 ports.o
 .rodata        0x08006748       0x84 printf.o
 .rodata        0x080067cc       0x84 printf2.o
 .rodata        0x08006850      0x268 ./cmath/powten.o
                0x08006850                powten
 .rodata        0x08006ab8       0x80 d:/gcc/bin/../lib/gcc/arm-none-eabi/4.9.3/armv6-m\libgcc.a(divsf3.o)
 .rodata        0x08006b38       0x40 d:/gcc/bin/../lib/gcc/arm-none-eabi/4.9.3/armv6-m\libgcc.a(mulsf3.o)
 .rodata        0x08006b78       0x40 d:/gcc/bin/../lib/gcc/arm-none-eabi/4.9.3/armv6-m\libgcc.a(divdf3.o)
 .rodata        0x08006bb8       0x40 d:/gcc/bin/../lib/gcc/arm-none-eabi/4.9.3/armv6-m\libgcc.a(muldf3.o)
 *(.rodata*)
 .rodata.str1.4
                0x08006bf8      0x21e rtc.o
                                0x224 (size before relaxing)
 *fill*         0x08006e16        0x2 
 .rodata.str1.4
                0x08006e18       0xbe i2c.o
                                 0xc4 (size before relaxing)
 *fill*         0x08006ed6        0x2 
 .rodata.str1.4
                0x08006ed8      0x143 flash.o
                                0x144 (size before relaxing)
 *fill*         0x0800701b        0x1 
 .rodata.str1.4
                0x0800701c       0x21 printf.o
                                 0x28 (size before relaxing)
 .rodata.str1.4
                0x00000000       0x28 printf2.o
 *fill*         0x0800703d        0x3 
 .rodata.str1.4
                0x08007040      0x2e1 cli.o
                                0x2e8 (size before relaxing)
 *fill*         0x08007321        0x3 
 .rodata.str1.4
                0x08007324       0x8b pwm.o
                                 0x90 (size before relaxing)
 *fill*         0x080073af        0x1 
 .rodata.str1.4
                0x080073b0      0x23e sunweb-slave.o
                                0x240 (size before relaxing)
 *fill*         0x080075ee        0x2 
 .rodata.str1.4
                0x080075f0       0x22 dump.o
                                 0x30 (size before relaxing)
 *fill*         0x08007612        0x2 
 .rodata.str1.4
                0x08007614       0xaa rtd.o
                                 0xc0 (size before relaxing)
 *fill*         0x080076be        0x2 
 .rodata.str1.4
                0x080076c0       0xcc pid.o
                                 0xd0 (size before relaxing)
 .rodata._ctype_
                0x0800778c      0x104 d:/gcc/bin/../lib/gcc/arm-none-eabi/4.9.3/../../../../arm-none-eabi/lib/armv6-m\libg.a(lib_a-ctype_.o)
                0x0800778c                _ctype_
                0x08007890                . = ALIGN (0x4)

.rel.dyn        0x08007890        0x0
 .rel.iplt      0x00000000        0x0 system_stm32f0xx.o

.ARM.extab
 *(.ARM.extab* .gnu.linkonce.armextab.*)

.ARM            0x08007890        0x0
                0x08007890                __exidx_start = .
 *(.ARM.exidx*)
                0x08007890                __exidx_end = .

.preinit_array  0x08007890        0x0
                0x08007890                PROVIDE (__preinit_array_start, .)
 *(.preinit_array*)
                0x08007890                PROVIDE (__preinit_array_end, .)

.init_array     0x08007890        0x0
                0x08007890                PROVIDE (__init_array_start, .)
 *(SORT(.init_array.*))
 *(.init_array*)
                0x08007890                PROVIDE (__init_array_end, .)

.fini_array     0x08007890        0x0
                0x08007890                PROVIDE (__fini_array_start, .)
 *(SORT(.fini_array.*))
 *(.fini_array*)
                0x08007890                PROVIDE (__fini_array_end, .)
                0x08007890                _sidata = LOADADDR (.data)

.data           0x20000000       0x4c load address 0x08007890
                0x20000000                . = ALIGN (0x4)
                0x20000000                _sdata = .
 *(.data)
 .data          0x20000000        0x4 system_stm32f0xx.o
                0x20000000                SystemCoreClock
 .data          0x20000004        0x0 main.o
 .data          0x20000004        0x0 power.o
 .data          0x20000004        0x0 clock.o
 .data          0x20000004        0x0 ports.o
 .data          0x20000004        0x0 ticker.o
 .data          0x20000004        0x0 rtc.o
 .data          0x20000004        0x0 i2c.o
 .data          0x20000004        0x0 flash.o
 .data          0x20000004        0x0 uart1.o
 .data          0x20000004        0x0 uart2.o
 .data          0x20000004        0x0 printf.o
 .data          0x20000004        0x0 printf2.o
 .data          0x20000004        0x0 ./cmath/powten.o
 .data          0x20000004        0x0 ./cmath/atof.o
 .data          0x20000004        0x0 ./cmath/dtoa.o
 .data          0x20000004        0x0 cli.o
 .data          0x20000004        0x0 pwm.o
 .data          0x20000004        0x1 sunweb-slave.o
 .data          0x20000005        0x0 dump.o
 .data          0x20000005        0x0 mcp3421.o
 *fill*         0x20000005        0x3 
 .data          0x20000008       0x38 rtd.o
                0x20000008                rtd_cur
                0x20000014                pt100_d
                0x2000001c                pt100
                0x20000030                adc_curve
                0x20000038                rtd_adr
 .data          0x20000040        0x8 pid.o
                0x20000040                pid_Kp
                0x20000044                pid_Ki
 .data          0x20000048        0x0 C:\Users\Rene\AppData\Local\Temp\ccsmOLCO.o
 .data          0x20000048        0x0 d:/gcc/bin/../lib/gcc/arm-none-eabi/4.9.3/../../../../arm-none-eabi/lib/armv6-m\libm.a(lib_a-s_modf.o)
 .data          0x20000048        0x0 d:/gcc/bin/../lib/gcc/arm-none-eabi/4.9.3/armv6-m\libgcc.a(_udivsi3.o)
 .data          0x20000048        0x0 d:/gcc/bin/../lib/gcc/arm-none-eabi/4.9.3/armv6-m\libgcc.a(_divsi3.o)
 .data          0x20000048        0x0 d:/gcc/bin/../lib/gcc/arm-none-eabi/4.9.3/armv6-m\libgcc.a(_dvmd_tls.o)
 .data          0x20000048        0x0 d:/gcc/bin/../lib/gcc/arm-none-eabi/4.9.3/armv6-m\libgcc.a(_arm_cmpdf2.o)
 .data          0x20000048        0x0 d:/gcc/bin/../lib/gcc/arm-none-eabi/4.9.3/armv6-m\libgcc.a(_arm_cmpsf2.o)
 .data          0x20000048        0x0 d:/gcc/bin/../lib/gcc/arm-none-eabi/4.9.3/armv6-m\libgcc.a(_fixunssfsi.o)
 .data          0x20000048        0x0 d:/gcc/bin/../lib/gcc/arm-none-eabi/4.9.3/armv6-m\libgcc.a(addsf3.o)
 .data          0x20000048        0x0 d:/gcc/bin/../lib/gcc/arm-none-eabi/4.9.3/armv6-m\libgcc.a(divsf3.o)
 .data          0x20000048        0x0 d:/gcc/bin/../lib/gcc/arm-none-eabi/4.9.3/armv6-m\libgcc.a(eqsf2.o)
 .data          0x20000048        0x0 d:/gcc/bin/../lib/gcc/arm-none-eabi/4.9.3/armv6-m\libgcc.a(gesf2.o)
 .data          0x20000048        0x0 d:/gcc/bin/../lib/gcc/arm-none-eabi/4.9.3/armv6-m\libgcc.a(lesf2.o)
 .data          0x20000048        0x0 d:/gcc/bin/../lib/gcc/arm-none-eabi/4.9.3/armv6-m\libgcc.a(mulsf3.o)
 .data          0x20000048        0x0 d:/gcc/bin/../lib/gcc/arm-none-eabi/4.9.3/armv6-m\libgcc.a(subsf3.o)
 .data          0x20000048        0x0 d:/gcc/bin/../lib/gcc/arm-none-eabi/4.9.3/armv6-m\libgcc.a(fixsfsi.o)
 .data          0x20000048        0x0 d:/gcc/bin/../lib/gcc/arm-none-eabi/4.9.3/armv6-m\libgcc.a(floatsisf.o)
 .data          0x20000048        0x0 d:/gcc/bin/../lib/gcc/arm-none-eabi/4.9.3/armv6-m\libgcc.a(floatunsisf.o)
 .data          0x20000048        0x0 d:/gcc/bin/../lib/gcc/arm-none-eabi/4.9.3/armv6-m\libgcc.a(adddf3.o)
 .data          0x20000048        0x0 d:/gcc/bin/../lib/gcc/arm-none-eabi/4.9.3/armv6-m\libgcc.a(divdf3.o)
 .data          0x20000048        0x0 d:/gcc/bin/../lib/gcc/arm-none-eabi/4.9.3/armv6-m\libgcc.a(eqdf2.o)
 .data          0x20000048        0x0 d:/gcc/bin/../lib/gcc/arm-none-eabi/4.9.3/armv6-m\libgcc.a(gedf2.o)
 .data          0x20000048        0x0 d:/gcc/bin/../lib/gcc/arm-none-eabi/4.9.3/armv6-m\libgcc.a(ledf2.o)
 .data          0x20000048        0x0 d:/gcc/bin/../lib/gcc/arm-none-eabi/4.9.3/armv6-m\libgcc.a(muldf3.o)
 .data          0x20000048        0x0 d:/gcc/bin/../lib/gcc/arm-none-eabi/4.9.3/armv6-m\libgcc.a(subdf3.o)
 .data          0x20000048        0x0 d:/gcc/bin/../lib/gcc/arm-none-eabi/4.9.3/armv6-m\libgcc.a(fixdfsi.o)
 .data          0x20000048        0x0 d:/gcc/bin/../lib/gcc/arm-none-eabi/4.9.3/armv6-m\libgcc.a(floatsidf.o)
 .data          0x20000048        0x0 d:/gcc/bin/../lib/gcc/arm-none-eabi/4.9.3/armv6-m\libgcc.a(_clzsi2.o)
 .data          0x20000048        0x0 d:/gcc/bin/../lib/gcc/arm-none-eabi/4.9.3/../../../../arm-none-eabi/lib/armv6-m\libg.a(lib_a-ctype_.o)
 .data          0x20000048        0x0 d:/gcc/bin/../lib/gcc/arm-none-eabi/4.9.3/../../../../arm-none-eabi/lib/armv6-m\libg.a(lib_a-isprint.o)
 .data          0x20000048        0x0 d:/gcc/bin/../lib/gcc/arm-none-eabi/4.9.3/../../../../arm-none-eabi/lib/armv6-m\libg.a(lib_a-strchr.o)
 .data          0x20000048        0x0 d:/gcc/bin/../lib/gcc/arm-none-eabi/4.9.3/../../../../arm-none-eabi/lib/armv6-m\libg.a(lib_a-strcmp.o)
 .data          0x20000048        0x0 d:/gcc/bin/../lib/gcc/arm-none-eabi/4.9.3/../../../../arm-none-eabi/lib/armv6-m\libg.a(lib_a-strlen.o)
 .data          0x20000048        0x0 d:/gcc/bin/../lib/gcc/arm-none-eabi/4.9.3/../../../../arm-none-eabi/lib/armv6-m\libg.a(lib_a-strnlen.o)
 *(.data*)
 .data.__ctype_ptr__
                0x20000048        0x4 d:/gcc/bin/../lib/gcc/arm-none-eabi/4.9.3/../../../../arm-none-eabi/lib/armv6-m\libg.a(lib_a-ctype_.o)
                0x20000048                __ctype_ptr__
                0x2000004c                . = ALIGN (0x4)
                0x2000004c                _edata = .

.igot.plt       0x2000004c        0x0 load address 0x080078dc
 .igot.plt      0x00000000        0x0 system_stm32f0xx.o
                0x2000004c                . = ALIGN (0x4)

.bss            0x2000004c      0x610 load address 0x080078dc
                0x2000004c                _sbss = .
                0x2000004c                __bss_start__ = _sbss
 *(.bss)
 .bss           0x2000004c        0x0 system_stm32f0xx.o
 .bss           0x2000004c        0x0 main.o
 .bss           0x2000004c        0x0 power.o
 .bss           0x2000004c        0x0 clock.o
 .bss           0x2000004c        0x0 ports.o
 .bss           0x2000004c        0x6 ticker.o
                0x2000004e                csec_elapsed
                0x20000050                dsec_elapsed
                0x20000051                sec_elapsed
 .bss           0x20000052        0x0 rtc.o
 .bss           0x20000052        0x0 i2c.o
 .bss           0x20000052        0x0 flash.o
 *fill*         0x20000052        0x2 
 .bss           0x20000054      0x110 uart1.o
 .bss           0x20000164      0x110 uart2.o
 .bss           0x20000274       0xf0 printf.o
 .bss           0x20000364       0xf0 printf2.o
 .bss           0x20000454        0x0 ./cmath/powten.o
 .bss           0x20000454        0x0 ./cmath/atof.o
 .bss           0x20000454        0x0 ./cmath/dtoa.o
 .bss           0x20000454        0x3 cli.o
                0x20000454                do_send
                0x20000455                do_rtc
                0x20000456                do_log
 .bss           0x20000457        0x4 pwm.o
                0x20000457                dat_led
                0x20000458                dat_htr
                0x20000459                dat_fan
 *fill*         0x2000045b        0x1 
 .bss           0x2000045c       0x14 sunweb-slave.o
                0x2000045c                rx_new
                0x20000460                poll_state
 .bss           0x20000470        0x0 dump.o
 .bss           0x20000470        0x0 mcp3421.o
 .bss           0x20000470       0x10 rtd.o
                0x20000470                rtd_err
                0x2000047c                rtd_log
 .bss           0x20000480       0x14 pid.o
                0x20000480                pid_i
                0x20000484                pid_p
                0x20000488                pid_d
                0x2000048c                pid_pwm
                0x20000490                pid_Kd
 .bss           0x20000494        0x0 C:\Users\Rene\AppData\Local\Temp\ccsmOLCO.o
 .bss           0x20000494        0x0 d:/gcc/bin/../lib/gcc/arm-none-eabi/4.9.3/../../../../arm-none-eabi/lib/armv6-m\libm.a(lib_a-s_modf.o)
 .bss           0x20000494        0x0 d:/gcc/bin/../lib/gcc/arm-none-eabi/4.9.3/armv6-m\libgcc.a(_udivsi3.o)
 .bss           0x20000494        0x0 d:/gcc/bin/../lib/gcc/arm-none-eabi/4.9.3/armv6-m\libgcc.a(_divsi3.o)
 .bss           0x20000494        0x0 d:/gcc/bin/../lib/gcc/arm-none-eabi/4.9.3/armv6-m\libgcc.a(_dvmd_tls.o)
 .bss           0x20000494        0x0 d:/gcc/bin/../lib/gcc/arm-none-eabi/4.9.3/armv6-m\libgcc.a(_arm_cmpdf2.o)
 .bss           0x20000494        0x0 d:/gcc/bin/../lib/gcc/arm-none-eabi/4.9.3/armv6-m\libgcc.a(_arm_cmpsf2.o)
 .bss           0x20000494        0x0 d:/gcc/bin/../lib/gcc/arm-none-eabi/4.9.3/armv6-m\libgcc.a(_fixunssfsi.o)
 .bss           0x20000494        0x0 d:/gcc/bin/../lib/gcc/arm-none-eabi/4.9.3/armv6-m\libgcc.a(addsf3.o)
 .bss           0x20000494        0x0 d:/gcc/bin/../lib/gcc/arm-none-eabi/4.9.3/armv6-m\libgcc.a(divsf3.o)
 .bss           0x20000494        0x0 d:/gcc/bin/../lib/gcc/arm-none-eabi/4.9.3/armv6-m\libgcc.a(eqsf2.o)
 .bss           0x20000494        0x0 d:/gcc/bin/../lib/gcc/arm-none-eabi/4.9.3/armv6-m\libgcc.a(gesf2.o)
 .bss           0x20000494        0x0 d:/gcc/bin/../lib/gcc/arm-none-eabi/4.9.3/armv6-m\libgcc.a(lesf2.o)
 .bss           0x20000494        0x0 d:/gcc/bin/../lib/gcc/arm-none-eabi/4.9.3/armv6-m\libgcc.a(mulsf3.o)
 .bss           0x20000494        0x0 d:/gcc/bin/../lib/gcc/arm-none-eabi/4.9.3/armv6-m\libgcc.a(subsf3.o)
 .bss           0x20000494        0x0 d:/gcc/bin/../lib/gcc/arm-none-eabi/4.9.3/armv6-m\libgcc.a(fixsfsi.o)
 .bss           0x20000494        0x0 d:/gcc/bin/../lib/gcc/arm-none-eabi/4.9.3/armv6-m\libgcc.a(floatsisf.o)
 .bss           0x20000494        0x0 d:/gcc/bin/../lib/gcc/arm-none-eabi/4.9.3/armv6-m\libgcc.a(floatunsisf.o)
 .bss           0x20000494        0x0 d:/gcc/bin/../lib/gcc/arm-none-eabi/4.9.3/armv6-m\libgcc.a(adddf3.o)
 .bss           0x20000494        0x0 d:/gcc/bin/../lib/gcc/arm-none-eabi/4.9.3/armv6-m\libgcc.a(divdf3.o)
 .bss           0x20000494        0x0 d:/gcc/bin/../lib/gcc/arm-none-eabi/4.9.3/armv6-m\libgcc.a(eqdf2.o)
 .bss           0x20000494        0x0 d:/gcc/bin/../lib/gcc/arm-none-eabi/4.9.3/armv6-m\libgcc.a(gedf2.o)
 .bss           0x20000494        0x0 d:/gcc/bin/../lib/gcc/arm-none-eabi/4.9.3/armv6-m\libgcc.a(ledf2.o)
 .bss           0x20000494        0x0 d:/gcc/bin/../lib/gcc/arm-none-eabi/4.9.3/armv6-m\libgcc.a(muldf3.o)
 .bss           0x20000494        0x0 d:/gcc/bin/../lib/gcc/arm-none-eabi/4.9.3/armv6-m\libgcc.a(subdf3.o)
 .bss           0x20000494        0x0 d:/gcc/bin/../lib/gcc/arm-none-eabi/4.9.3/armv6-m\libgcc.a(fixdfsi.o)
 .bss           0x20000494        0x0 d:/gcc/bin/../lib/gcc/arm-none-eabi/4.9.3/armv6-m\libgcc.a(floatsidf.o)
 .bss           0x20000494        0x0 d:/gcc/bin/../lib/gcc/arm-none-eabi/4.9.3/armv6-m\libgcc.a(_clzsi2.o)
 .bss           0x20000494        0x0 d:/gcc/bin/../lib/gcc/arm-none-eabi/4.9.3/../../../../arm-none-eabi/lib/armv6-m\libg.a(lib_a-ctype_.o)
 .bss           0x20000494        0x0 d:/gcc/bin/../lib/gcc/arm-none-eabi/4.9.3/../../../../arm-none-eabi/lib/armv6-m\libg.a(lib_a-isprint.o)
 .bss           0x20000494        0x0 d:/gcc/bin/../lib/gcc/arm-none-eabi/4.9.3/../../../../arm-none-eabi/lib/armv6-m\libg.a(lib_a-strchr.o)
 .bss           0x20000494        0x0 d:/gcc/bin/../lib/gcc/arm-none-eabi/4.9.3/../../../../arm-none-eabi/lib/armv6-m\libg.a(lib_a-strcmp.o)
 .bss           0x20000494        0x0 d:/gcc/bin/../lib/gcc/arm-none-eabi/4.9.3/../../../../arm-none-eabi/lib/armv6-m\libg.a(lib_a-strlen.o)
 .bss           0x20000494        0x0 d:/gcc/bin/../lib/gcc/arm-none-eabi/4.9.3/../../../../arm-none-eabi/lib/armv6-m\libg.a(lib_a-strnlen.o)
 *(.bss*)
 *(COMMON)
 COMMON         0x20000494       0x1c rtc.o
                0x20000494                rtc_time
 COMMON         0x200004b0       0xb0 cli.o
                0x200004b0                argv
                0x200004d8                argc
                0x200004dc                buf_len
                0x200004e0                buf
 COMMON         0x20000560       0x80 pwm.o
                0x20000560                sine_tab
 COMMON         0x200005e0       0x41 sunweb-slave.o
                0x200005e0                random
                0x200005e4                rx_cnt
                0x200005e5                probed
                0x200005e8                plen
                0x200005ec                rx_buf
                0x200005fc                pcnt
                0x20000600                tx_buf
                0x20000610                pbuf
                0x20000620                dev_id
 *fill*         0x20000621        0x3 
 COMMON         0x20000624       0x24 rtd.o
                0x20000624                adc_avg
                0x20000630                adc_old
                0x2000063c                adc_raw
 COMMON         0x20000648       0x11 pid.o
                0x20000648                t_target
                0x2000064c                pid_log
                0x20000650                t_actual
                0x20000654                t_error
                0x20000658                pid_active
                0x2000065c                . = ALIGN (0x4)
 *fill*         0x20000659        0x3 
                0x2000065c                _ebss = .
                0x2000065c                __bss_end__ = _ebss

._user_heap_stack
                0x2000065c      0x604 load address 0x080078dc
                0x20000660                . = ALIGN (0x8)
 *fill*         0x2000065c        0x4 
                0x20000660                PROVIDE (end, .)
                0x20000660                PROVIDE (_end, .)
                0x20000860                . = (. + _Min_Heap_Size)
 *fill*         0x20000660      0x200 
                0x20000c60                . = (. + _Min_Stack_Size)
 *fill*         0x20000860      0x400 
                0x20000c60                . = ALIGN (0x8)

.userflash      0x08007c00       0x10
                0x08007c00                . = ALIGN (0x4)
 *(.USERFLASH)
 .userflash     0x08007c00       0x10 flash.o
                0x08007c00                rtd_parms

/DISCARD/
 libc.a(*)
 libm.a(*)
 libgcc.a(*)

.ARM.attributes
                0x00000000       0x31
 *(.ARM.attributes)
 .ARM.attributes
                0x00000000       0x31 system_stm32f0xx.o
 .ARM.attributes
                0x00000031       0x31 main.o
 .ARM.attributes
                0x00000062       0x31 power.o
 .ARM.attributes
                0x00000093       0x31 clock.o
 .ARM.attributes
                0x000000c4       0x31 ports.o
 .ARM.attributes
                0x000000f5       0x31 ticker.o
 .ARM.attributes
                0x00000126       0x31 rtc.o
 .ARM.attributes
                0x00000157       0x31 i2c.o
 .ARM.attributes
                0x00000188       0x31 flash.o
 .ARM.attributes
                0x000001b9       0x31 uart1.o
 .ARM.attributes
                0x000001ea       0x31 uart2.o
 .ARM.attributes
                0x0000021b       0x31 printf.o
 .ARM.attributes
                0x0000024c       0x31 printf2.o
 .ARM.attributes
                0x0000027d       0x33 ./cmath/powten.o
 .ARM.attributes
                0x000002b0       0x33 ./cmath/atof.o
 .ARM.attributes
                0x000002e3       0x33 ./cmath/dtoa.o
 .ARM.attributes
                0x00000316       0x31 cli.o
 .ARM.attributes
                0x00000347       0x31 pwm.o
 .ARM.attributes
                0x00000378       0x31 sunweb-slave.o
 .ARM.attributes
                0x000003a9       0x31 dump.o
 .ARM.attributes
                0x000003da       0x31 mcp3421.o
 .ARM.attributes
                0x0000040b       0x31 rtd.o
 .ARM.attributes
                0x0000043c       0x31 pid.o
 .ARM.attributes
                0x0000046d       0x21 C:\Users\Rene\AppData\Local\Temp\ccsmOLCO.o
 .ARM.attributes
                0x0000048e       0x2c d:/gcc/bin/../lib/gcc/arm-none-eabi/4.9.3/../../../../arm-none-eabi/lib/armv6-m\libm.a(lib_a-s_modf.o)
 .ARM.attributes
                0x000004ba       0x1e d:/gcc/bin/../lib/gcc/arm-none-eabi/4.9.3/armv6-m\libgcc.a(_udivsi3.o)
 .ARM.attributes
                0x000004d8       0x1e d:/gcc/bin/../lib/gcc/arm-none-eabi/4.9.3/armv6-m\libgcc.a(_divsi3.o)
 .ARM.attributes
                0x000004f6       0x1e d:/gcc/bin/../lib/gcc/arm-none-eabi/4.9.3/armv6-m\libgcc.a(_dvmd_tls.o)
 .ARM.attributes
                0x00000514       0x1e d:/gcc/bin/../lib/gcc/arm-none-eabi/4.9.3/armv6-m\libgcc.a(_arm_cmpdf2.o)
 .ARM.attributes
                0x00000532       0x1e d:/gcc/bin/../lib/gcc/arm-none-eabi/4.9.3/armv6-m\libgcc.a(_arm_cmpsf2.o)
 .ARM.attributes
                0x00000550       0x2c d:/gcc/bin/../lib/gcc/arm-none-eabi/4.9.3/armv6-m\libgcc.a(_fixunssfsi.o)
 .ARM.attributes
                0x0000057c       0x2c d:/gcc/bin/../lib/gcc/arm-none-eabi/4.9.3/armv6-m\libgcc.a(addsf3.o)
 .ARM.attributes
                0x000005a8       0x2c d:/gcc/bin/../lib/gcc/arm-none-eabi/4.9.3/armv6-m\libgcc.a(divsf3.o)
 .ARM.attributes
                0x000005d4       0x2c d:/gcc/bin/../lib/gcc/arm-none-eabi/4.9.3/armv6-m\libgcc.a(eqsf2.o)
 .ARM.attributes
                0x00000600       0x2c d:/gcc/bin/../lib/gcc/arm-none-eabi/4.9.3/armv6-m\libgcc.a(gesf2.o)
 .ARM.attributes
                0x0000062c       0x2c d:/gcc/bin/../lib/gcc/arm-none-eabi/4.9.3/armv6-m\libgcc.a(lesf2.o)
 .ARM.attributes
                0x00000658       0x2c d:/gcc/bin/../lib/gcc/arm-none-eabi/4.9.3/armv6-m\libgcc.a(mulsf3.o)
 .ARM.attributes
                0x00000684       0x2c d:/gcc/bin/../lib/gcc/arm-none-eabi/4.9.3/armv6-m\libgcc.a(subsf3.o)
 .ARM.attributes
                0x000006b0       0x2c d:/gcc/bin/../lib/gcc/arm-none-eabi/4.9.3/armv6-m\libgcc.a(fixsfsi.o)
 .ARM.attributes
                0x000006dc       0x2c d:/gcc/bin/../lib/gcc/arm-none-eabi/4.9.3/armv6-m\libgcc.a(floatsisf.o)
 .ARM.attributes
                0x00000708       0x2c d:/gcc/bin/../lib/gcc/arm-none-eabi/4.9.3/armv6-m\libgcc.a(floatunsisf.o)
 .ARM.attributes
                0x00000734       0x2c d:/gcc/bin/../lib/gcc/arm-none-eabi/4.9.3/armv6-m\libgcc.a(adddf3.o)
 .ARM.attributes
                0x00000760       0x2c d:/gcc/bin/../lib/gcc/arm-none-eabi/4.9.3/armv6-m\libgcc.a(divdf3.o)
 .ARM.attributes
                0x0000078c       0x2c d:/gcc/bin/../lib/gcc/arm-none-eabi/4.9.3/armv6-m\libgcc.a(eqdf2.o)
 .ARM.attributes
                0x000007b8       0x2c d:/gcc/bin/../lib/gcc/arm-none-eabi/4.9.3/armv6-m\libgcc.a(gedf2.o)
 .ARM.attributes
                0x000007e4       0x2c d:/gcc/bin/../lib/gcc/arm-none-eabi/4.9.3/armv6-m\libgcc.a(ledf2.o)
 .ARM.attributes
                0x00000810       0x2c d:/gcc/bin/../lib/gcc/arm-none-eabi/4.9.3/armv6-m\libgcc.a(muldf3.o)
 .ARM.attributes
                0x0000083c       0x2c d:/gcc/bin/../lib/gcc/arm-none-eabi/4.9.3/armv6-m\libgcc.a(subdf3.o)
 .ARM.attributes
                0x00000868       0x2c d:/gcc/bin/../lib/gcc/arm-none-eabi/4.9.3/armv6-m\libgcc.a(fixdfsi.o)
 .ARM.attributes
                0x00000894       0x2c d:/gcc/bin/../lib/gcc/arm-none-eabi/4.9.3/armv6-m\libgcc.a(floatsidf.o)
 .ARM.attributes
                0x000008c0       0x1e d:/gcc/bin/../lib/gcc/arm-none-eabi/4.9.3/armv6-m\libgcc.a(_clzsi2.o)
 .ARM.attributes
                0x000008de       0x2c d:/gcc/bin/../lib/gcc/arm-none-eabi/4.9.3/../../../../arm-none-eabi/lib/armv6-m\libg.a(lib_a-ctype_.o)
 .ARM.attributes
                0x0000090a       0x2c d:/gcc/bin/../lib/gcc/arm-none-eabi/4.9.3/../../../../arm-none-eabi/lib/armv6-m\libg.a(lib_a-isprint.o)
 .ARM.attributes
                0x00000936       0x2c d:/gcc/bin/../lib/gcc/arm-none-eabi/4.9.3/../../../../arm-none-eabi/lib/armv6-m\libg.a(lib_a-strchr.o)
 .ARM.attributes
                0x00000962       0x1b d:/gcc/bin/../lib/gcc/arm-none-eabi/4.9.3/../../../../arm-none-eabi/lib/armv6-m\libg.a(lib_a-strcmp.o)
 .ARM.attributes
                0x0000097d       0x2c d:/gcc/bin/../lib/gcc/arm-none-eabi/4.9.3/../../../../arm-none-eabi/lib/armv6-m\libg.a(lib_a-strlen.o)
 .ARM.attributes
                0x000009a9       0x2c d:/gcc/bin/../lib/gcc/arm-none-eabi/4.9.3/../../../../arm-none-eabi/lib/armv6-m\libg.a(lib_a-strnlen.o)
OUTPUT(simsun.elf elf32-littlearm)

.debug_info     0x00000000     0x75c5
 .debug_info    0x00000000      0x234 system_stm32f0xx.o
 .debug_info    0x00000234      0x2a1 main.o
 .debug_info    0x000004d5      0x104 power.o
 .debug_info    0x000005d9      0x278 clock.o
 .debug_info    0x00000851      0x50f ports.o
 .debug_info    0x00000d60      0x65b ticker.o
 .debug_info    0x000013bb      0x793 rtc.o
 .debug_info    0x00001b4e      0x414 i2c.o
 .debug_info    0x00001f62      0x65f flash.o
 .debug_info    0x000025c1      0x5f4 uart1.o
 .debug_info    0x00002bb5      0x5e9 uart2.o
 .debug_info    0x0000319e      0x618 printf.o
 .debug_info    0x000037b6      0x55a printf2.o
 .debug_info    0x00003d10       0x53 ./cmath/powten.o
 .debug_info    0x00003d63      0x147 ./cmath/atof.o
 .debug_info    0x00003eaa      0x1c2 ./cmath/dtoa.o
 .debug_info    0x0000406c     0x14fe cli.o
 .debug_info    0x0000556a      0x4cd pwm.o
 .debug_info    0x00005a37      0xa3b sunweb-slave.o
 .debug_info    0x00006472      0x2a9 dump.o
 .debug_info    0x0000671b      0x1cc mcp3421.o
 .debug_info    0x000068e7      0x7e9 rtd.o
 .debug_info    0x000070d0      0x485 pid.o
 .debug_info    0x00007555       0x70 C:\Users\Rene\AppData\Local\Temp\ccsmOLCO.o

.debug_abbrev   0x00000000     0x23cc
 .debug_abbrev  0x00000000       0xf0 system_stm32f0xx.o
 .debug_abbrev  0x000000f0       0xcd main.o
 .debug_abbrev  0x000001bd       0x8e power.o
 .debug_abbrev  0x0000024b       0xff clock.o
 .debug_abbrev  0x0000034a      0x1ba ports.o
 .debug_abbrev  0x00000504      0x1e1 ticker.o
 .debug_abbrev  0x000006e5      0x1a7 rtc.o
 .debug_abbrev  0x0000088c      0x147 i2c.o
 .debug_abbrev  0x000009d3      0x276 flash.o
 .debug_abbrev  0x00000c49      0x214 uart1.o
 .debug_abbrev  0x00000e5d      0x1e5 uart2.o
 .debug_abbrev  0x00001042      0x281 printf.o
 .debug_abbrev  0x000012c3      0x238 printf2.o
 .debug_abbrev  0x000014fb       0x45 ./cmath/powten.o
 .debug_abbrev  0x00001540       0xa2 ./cmath/atof.o
 .debug_abbrev  0x000015e2       0xe0 ./cmath/dtoa.o
 .debug_abbrev  0x000016c2      0x2f6 cli.o
 .debug_abbrev  0x000019b8      0x17c pwm.o
 .debug_abbrev  0x00001b34      0x2ad sunweb-slave.o
 .debug_abbrev  0x00001de1      0x123 dump.o
 .debug_abbrev  0x00001f04       0xf5 mcp3421.o
 .debug_abbrev  0x00001ff9      0x285 rtd.o
 .debug_abbrev  0x0000227e      0x13c pid.o
 .debug_abbrev  0x000023ba       0x12 C:\Users\Rene\AppData\Local\Temp\ccsmOLCO.o

.debug_loc      0x00000000     0x3e70
 .debug_loc     0x00000000      0x109 system_stm32f0xx.o
 .debug_loc     0x00000109      0x209 ports.o
 .debug_loc     0x00000312      0x171 ticker.o
 .debug_loc     0x00000483      0x1b8 rtc.o
 .debug_loc     0x0000063b       0x80 i2c.o
 .debug_loc     0x000006bb      0x31f flash.o
 .debug_loc     0x000009da       0xdd uart1.o
 .debug_loc     0x00000ab7      0x145 uart2.o
 .debug_loc     0x00000bfc      0x8a3 printf.o
 .debug_loc     0x0000149f      0x861 printf2.o
 .debug_loc     0x00001d00      0x1cd ./cmath/atof.o
 .debug_loc     0x00001ecd      0x360 ./cmath/dtoa.o
 .debug_loc     0x0000222d     0x10e7 cli.o
 .debug_loc     0x00003314      0x17f pwm.o
 .debug_loc     0x00003493      0x32d sunweb-slave.o
 .debug_loc     0x000037c0      0x1cf dump.o
 .debug_loc     0x0000398f       0x21 mcp3421.o
 .debug_loc     0x000039b0      0x481 rtd.o
 .debug_loc     0x00003e31       0x3f pid.o

.debug_aranges  0x00000000      0x300
 .debug_aranges
                0x00000000       0x20 system_stm32f0xx.o
 .debug_aranges
                0x00000020       0x20 main.o
 .debug_aranges
                0x00000040       0x20 power.o
 .debug_aranges
                0x00000060       0x20 clock.o
 .debug_aranges
                0x00000080       0x20 ports.o
 .debug_aranges
                0x000000a0       0x20 ticker.o
 .debug_aranges
                0x000000c0       0x20 rtc.o
 .debug_aranges
                0x000000e0       0x20 i2c.o
 .debug_aranges
                0x00000100       0x20 flash.o
 .debug_aranges
                0x00000120       0x20 uart1.o
 .debug_aranges
                0x00000140       0x20 uart2.o
 .debug_aranges
                0x00000160       0x20 printf.o
 .debug_aranges
                0x00000180       0x20 printf2.o
 .debug_aranges
                0x000001a0       0x18 ./cmath/powten.o
 .debug_aranges
                0x000001b8       0x20 ./cmath/atof.o
 .debug_aranges
                0x000001d8       0x20 ./cmath/dtoa.o
 .debug_aranges
                0x000001f8       0x20 cli.o
 .debug_aranges
                0x00000218       0x20 pwm.o
 .debug_aranges
                0x00000238       0x20 sunweb-slave.o
 .debug_aranges
                0x00000258       0x20 dump.o
 .debug_aranges
                0x00000278       0x20 mcp3421.o
 .debug_aranges
                0x00000298       0x20 rtd.o
 .debug_aranges
                0x000002b8       0x20 pid.o
 .debug_aranges
                0x000002d8       0x28 C:\Users\Rene\AppData\Local\Temp\ccsmOLCO.o

.debug_line     0x00000000     0x2158
 .debug_line    0x00000000       0xf9 system_stm32f0xx.o
 .debug_line    0x000000f9      0x16d main.o
 .debug_line    0x00000266       0xb4 power.o
 .debug_line    0x0000031a      0x116 clock.o
 .debug_line    0x00000430      0x171 ports.o
 .debug_line    0x000005a1      0x159 ticker.o
 .debug_line    0x000006fa      0x191 rtc.o
 .debug_line    0x0000088b      0x140 i2c.o
 .debug_line    0x000009cb      0x1c8 flash.o
 .debug_line    0x00000b93      0x11c uart1.o
 .debug_line    0x00000caf      0x113 uart2.o
 .debug_line    0x00000dc2      0x246 printf.o
 .debug_line    0x00001008      0x229 printf2.o
 .debug_line    0x00001231       0x2f ./cmath/powten.o
 .debug_line    0x00001260      0x16f ./cmath/atof.o
 .debug_line    0x000013cf      0x12d ./cmath/dtoa.o
 .debug_line    0x000014fc      0x33b cli.o
 .debug_line    0x00001837      0x132 pwm.o
 .debug_line    0x00001969      0x26b sunweb-slave.o
 .debug_line    0x00001bd4      0x175 dump.o
 .debug_line    0x00001d49       0xb7 mcp3421.o
 .debug_line    0x00001e00      0x18c rtd.o
 .debug_line    0x00001f8c      0x143 pid.o
 .debug_line    0x000020cf       0x89 C:\Users\Rene\AppData\Local\Temp\ccsmOLCO.o

.debug_str      0x00000000     0x1166
 .debug_str     0x00000000      0x238 system_stm32f0xx.o
                                0x27d (size before relaxing)
 .debug_str     0x00000238      0x140 main.o
                                0x2ef (size before relaxing)
 .debug_str     0x00000378       0x2c power.o
                                0x1ee (size before relaxing)
 .debug_str     0x000003a4       0x7b clock.o
                                0x290 (size before relaxing)
 .debug_str     0x0000041f      0x100 ports.o
                                0x35d (size before relaxing)
 .debug_str     0x0000051f      0x2d8 ticker.o
                                0x55c (size before relaxing)
 .debug_str     0x000007f7      0x12e rtc.o
                                0x392 (size before relaxing)
 .debug_str     0x00000925       0x6f i2c.o
                                0x29c (size before relaxing)
 .debug_str     0x00000994      0x13c flash.o
                                0x348 (size before relaxing)
 .debug_str     0x00000ad0       0x9e uart1.o
                                0x4ef (size before relaxing)
 .debug_str     0x00000b6e       0x61 uart2.o
                                0x4ef (size before relaxing)
 .debug_str     0x00000bcf       0xac printf.o
                                0x29e (size before relaxing)
 .debug_str     0x00000c7b       0x14 printf2.o
                                0x278 (size before relaxing)
 .debug_str     0x00000c8f       0x4f ./cmath/powten.o
                                 0x5f (size before relaxing)
 .debug_str     0x00000cde       0x18 ./cmath/atof.o
                                0x108 (size before relaxing)
 .debug_str     0x00000cf6       0x47 ./cmath/dtoa.o
                                0x132 (size before relaxing)
 .debug_str     0x00000d3d      0x17c cli.o
                                0x40f (size before relaxing)
 .debug_str     0x00000eb9       0x5e pwm.o
                                0x2a9 (size before relaxing)
 .debug_str     0x00000f17       0xc7 sunweb-slave.o
                                0x3d0 (size before relaxing)
 .debug_str     0x00000fde       0x2e dump.o
                                0x221 (size before relaxing)
 .debug_str     0x0000100c       0x17 mcp3421.o
                                0x202 (size before relaxing)
 .debug_str     0x00001023       0xcb rtd.o
                                0x363 (size before relaxing)
 .debug_str     0x000010ee       0x78 pid.o
                                0x2e5 (size before relaxing)

.comment        0x00000000       0xa0
 .comment       0x00000000       0x70 system_stm32f0xx.o
                                 0x71 (size before relaxing)
 .comment       0x00000000       0x71 main.o
 .comment       0x00000000       0x71 power.o
 .comment       0x00000000       0x71 clock.o
 .comment       0x00000000       0x71 ports.o
 .comment       0x00000000       0x71 ticker.o
 .comment       0x00000000       0x71 rtc.o
 .comment       0x00000000       0x71 i2c.o
 .comment       0x00000000       0x71 flash.o
 .comment       0x00000000       0x71 uart1.o
 .comment       0x00000000       0x71 uart2.o
 .comment       0x00000000       0x71 printf.o
 .comment       0x00000000       0x71 printf2.o
 .comment       0x00000070       0x30 ./cmath/powten.o
                                 0x31 (size before relaxing)
 .comment       0x00000000       0x31 ./cmath/atof.o
 .comment       0x00000000       0x31 ./cmath/dtoa.o
 .comment       0x00000000       0x71 cli.o
 .comment       0x00000000       0x71 pwm.o
 .comment       0x00000000       0x71 sunweb-slave.o
 .comment       0x00000000       0x71 dump.o
 .comment       0x00000000       0x71 mcp3421.o
 .comment       0x00000000       0x71 rtd.o
 .comment       0x00000000       0x71 pid.o

.debug_frame    0x00000000     0x14ac
 .debug_frame   0x00000000       0x3c system_stm32f0xx.o
 .debug_frame   0x0000003c       0x34 main.o
 .debug_frame   0x00000070       0x20 power.o
 .debug_frame   0x00000090       0xa0 clock.o
 .debug_frame   0x00000130       0xfc ports.o
 .debug_frame   0x0000022c       0x80 ticker.o
 .debug_frame   0x000002ac      0x108 rtc.o
 .debug_frame   0x000003b4       0x80 i2c.o
 .debug_frame   0x00000434      0x174 flash.o
 .debug_frame   0x000005a8       0x94 uart1.o
 .debug_frame   0x0000063c       0x90 uart2.o
 .debug_frame   0x000006cc       0xe0 printf.o
 .debug_frame   0x000007ac       0x98 printf2.o
 .debug_frame   0x00000844       0x44 ./cmath/atof.o
 .debug_frame   0x00000888       0x44 ./cmath/dtoa.o
 .debug_frame   0x000008cc      0x13c cli.o
 .debug_frame   0x00000a08      0x114 pwm.o
 .debug_frame   0x00000b1c      0x15c sunweb-slave.o
 .debug_frame   0x00000c78       0x3c dump.o
 .debug_frame   0x00000cb4       0x48 mcp3421.o
 .debug_frame   0x00000cfc      0x1bc rtd.o
 .debug_frame   0x00000eb8       0xf0 pid.o
 .debug_frame   0x00000fa8       0x2c d:/gcc/bin/../lib/gcc/arm-none-eabi/4.9.3/../../../../arm-none-eabi/lib/armv6-m\libm.a(lib_a-s_modf.o)
 .debug_frame   0x00000fd4       0x20 d:/gcc/bin/../lib/gcc/arm-none-eabi/4.9.3/armv6-m\libgcc.a(_udivsi3.o)
 .debug_frame   0x00000ff4       0x20 d:/gcc/bin/../lib/gcc/arm-none-eabi/4.9.3/armv6-m\libgcc.a(_divsi3.o)
 .debug_frame   0x00001014       0x28 d:/gcc/bin/../lib/gcc/arm-none-eabi/4.9.3/armv6-m\libgcc.a(_fixunssfsi.o)
 .debug_frame   0x0000103c       0x30 d:/gcc/bin/../lib/gcc/arm-none-eabi/4.9.3/armv6-m\libgcc.a(addsf3.o)
 .debug_frame   0x0000106c       0x3c d:/gcc/bin/../lib/gcc/arm-none-eabi/4.9.3/armv6-m\libgcc.a(divsf3.o)
 .debug_frame   0x000010a8       0x2c d:/gcc/bin/../lib/gcc/arm-none-eabi/4.9.3/armv6-m\libgcc.a(eqsf2.o)
 .debug_frame   0x000010d4       0x30 d:/gcc/bin/../lib/gcc/arm-none-eabi/4.9.3/armv6-m\libgcc.a(gesf2.o)
 .debug_frame   0x00001104       0x30 d:/gcc/bin/../lib/gcc/arm-none-eabi/4.9.3/armv6-m\libgcc.a(lesf2.o)
 .debug_frame   0x00001134       0x3c d:/gcc/bin/../lib/gcc/arm-none-eabi/4.9.3/armv6-m\libgcc.a(mulsf3.o)
 .debug_frame   0x00001170       0x30 d:/gcc/bin/../lib/gcc/arm-none-eabi/4.9.3/armv6-m\libgcc.a(subsf3.o)
 .debug_frame   0x000011a0       0x20 d:/gcc/bin/../lib/gcc/arm-none-eabi/4.9.3/armv6-m\libgcc.a(fixsfsi.o)
 .debug_frame   0x000011c0       0x2c d:/gcc/bin/../lib/gcc/arm-none-eabi/4.9.3/armv6-m\libgcc.a(floatsisf.o)
 .debug_frame   0x000011ec       0x28 d:/gcc/bin/../lib/gcc/arm-none-eabi/4.9.3/armv6-m\libgcc.a(floatunsisf.o)
 .debug_frame   0x00001214       0x38 d:/gcc/bin/../lib/gcc/arm-none-eabi/4.9.3/armv6-m\libgcc.a(adddf3.o)
 .debug_frame   0x0000124c       0x3c d:/gcc/bin/../lib/gcc/arm-none-eabi/4.9.3/armv6-m\libgcc.a(divdf3.o)
 .debug_frame   0x00001288       0x38 d:/gcc/bin/../lib/gcc/arm-none-eabi/4.9.3/armv6-m\libgcc.a(eqdf2.o)
 .debug_frame   0x000012c0       0x38 d:/gcc/bin/../lib/gcc/arm-none-eabi/4.9.3/armv6-m\libgcc.a(gedf2.o)
 .debug_frame   0x000012f8       0x38 d:/gcc/bin/../lib/gcc/arm-none-eabi/4.9.3/armv6-m\libgcc.a(ledf2.o)
 .debug_frame   0x00001330       0x3c d:/gcc/bin/../lib/gcc/arm-none-eabi/4.9.3/armv6-m\libgcc.a(muldf3.o)
 .debug_frame   0x0000136c       0x3c d:/gcc/bin/../lib/gcc/arm-none-eabi/4.9.3/armv6-m\libgcc.a(subdf3.o)
 .debug_frame   0x000013a8       0x2c d:/gcc/bin/../lib/gcc/arm-none-eabi/4.9.3/armv6-m\libgcc.a(fixdfsi.o)
 .debug_frame   0x000013d4       0x2c d:/gcc/bin/../lib/gcc/arm-none-eabi/4.9.3/armv6-m\libgcc.a(floatsidf.o)
 .debug_frame   0x00001400       0x30 d:/gcc/bin/../lib/gcc/arm-none-eabi/4.9.3/../../../../arm-none-eabi/lib/armv6-m\libg.a(lib_a-isprint.o)
 .debug_frame   0x00001430       0x2c d:/gcc/bin/../lib/gcc/arm-none-eabi/4.9.3/../../../../arm-none-eabi/lib/armv6-m\libg.a(lib_a-strchr.o)
 .debug_frame   0x0000145c       0x28 d:/gcc/bin/../lib/gcc/arm-none-eabi/4.9.3/../../../../arm-none-eabi/lib/armv6-m\libg.a(lib_a-strlen.o)
 .debug_frame   0x00001484       0x28 d:/gcc/bin/../lib/gcc/arm-none-eabi/4.9.3/../../../../arm-none-eabi/lib/armv6-m\libg.a(lib_a-strnlen.o)

.debug_ranges   0x00000000      0x690
 .debug_ranges  0x00000000       0x10 main.o
 .debug_ranges  0x00000010       0x30 clock.o
 .debug_ranges  0x00000040       0x18 ticker.o
 .debug_ranges  0x00000058       0x18 rtc.o
 .debug_ranges  0x00000070       0x48 i2c.o
 .debug_ranges  0x000000b8       0x48 flash.o
 .debug_ranges  0x00000100       0x30 uart1.o
 .debug_ranges  0x00000130       0x30 uart2.o
 .debug_ranges  0x00000160       0x20 printf.o
 .debug_ranges  0x00000180       0x20 printf2.o
 .debug_ranges  0x000001a0      0x430 cli.o
 .debug_ranges  0x000005d0       0x18 sunweb-slave.o
 .debug_ranges  0x000005e8       0x40 dump.o
 .debug_ranges  0x00000628       0x48 rtd.o
 .debug_ranges  0x00000670       0x20 C:\Users\Rene\AppData\Local\Temp\ccsmOLCO.o
